Component: ARM Compiler 6.16 Tool: armlink [5dfeaa00]

==============================================================================

Section Cross References

    main.o(.text.main) refers to ht32_board.o(.text.HT32F_DVB_LEDInit) for HT32F_DVB_LEDInit
    main.o(.text.main) refers to main.o(.text.I2C_Configuration) for I2C_Configuration
    main.o(.text.main) refers to main.o(.text.I2C_Slave_Receiver) for I2C_Slave_Receiver
    main.o(.text.main) refers to main.o(.text.I2C_Slave_Transmitter) for I2C_Slave_Transmitter
    main.o(.ARM.exidx.text.main) refers to main.o(.text.main) for [Anonymous Symbol]
    main.o(.text.I2C_Configuration) refers to ht32f5xxxx_ckcu.o(.text.CKCU_PeripClockConfig) for CKCU_PeripClockConfig
    main.o(.text.I2C_Configuration) refers to ht32f5xxxx_gpio.o(.text.AFIO_GPxConfig) for AFIO_GPxConfig
    main.o(.text.I2C_Configuration) refers to ht32f5xxxx_i2c.o(.text.I2C_Init) for I2C_Init
    main.o(.text.I2C_Configuration) refers to ht32f5xxxx_i2c.o(.text.I2C_Cmd) for I2C_Cmd
    main.o(.ARM.exidx.text.I2C_Configuration) refers to main.o(.text.I2C_Configuration) for [Anonymous Symbol]
    main.o(.text.I2C_Slave_Receiver) refers to ht32f5xxxx_i2c.o(.text.I2C_CheckStatus) for I2C_CheckStatus
    main.o(.text.I2C_Slave_Receiver) refers to ht32f5xxxx_i2c.o(.text.I2C_ReceiveData) for I2C_ReceiveData
    main.o(.text.I2C_Slave_Receiver) refers to main.o(.bss.Rx_Index) for Rx_Index
    main.o(.text.I2C_Slave_Receiver) refers to main.o(.bss.I2C_Slave_Buffer_Rx) for I2C_Slave_Buffer_Rx
    main.o(.ARM.exidx.text.I2C_Slave_Receiver) refers to main.o(.text.I2C_Slave_Receiver) for [Anonymous Symbol]
    main.o(.text.I2C_Slave_Transmitter) refers to ht32f5xxxx_i2c.o(.text.I2C_CheckStatus) for I2C_CheckStatus
    main.o(.text.I2C_Slave_Transmitter) refers to ht32f5xxxx_i2c.o(.text.I2C_SendData) for I2C_SendData
    main.o(.text.I2C_Slave_Transmitter) refers to ht32f5xxxx_i2c.o(.text.I2C_ClearFlag) for I2C_ClearFlag
    main.o(.text.I2C_Slave_Transmitter) refers to main.o(.text.CmpBuffer) for CmpBuffer
    main.o(.text.I2C_Slave_Transmitter) refers to ht32_board.o(.text.HT32F_DVB_LEDOn) for HT32F_DVB_LEDOn
    main.o(.text.I2C_Slave_Transmitter) refers to main.o(.bss.Tx_Index) for Tx_Index
    main.o(.text.I2C_Slave_Transmitter) refers to main.o(.bss.I2C_Slave_Buffer_Rx) for I2C_Slave_Buffer_Rx
    main.o(.text.I2C_Slave_Transmitter) refers to main.o(.data.I2C_Master_Buffer_Tx) for I2C_Master_Buffer_Tx
    main.o(.ARM.exidx.text.I2C_Slave_Transmitter) refers to main.o(.text.I2C_Slave_Transmitter) for [Anonymous Symbol]
    main.o(.ARM.exidx.text.CmpBuffer) refers to main.o(.text.CmpBuffer) for [Anonymous Symbol]
    ht32f5xxxx_01_it.o(.ARM.exidx.text.NMI_Handler) refers to ht32f5xxxx_01_it.o(.text.NMI_Handler) for [Anonymous Symbol]
    ht32f5xxxx_01_it.o(.text.HardFault_Handler) refers to ht32f5xxxx_01_it.o(.bss.HardFault_Handler.gIsContinue) for [Anonymous Symbol]
    ht32f5xxxx_01_it.o(.ARM.exidx.text.HardFault_Handler) refers to ht32f5xxxx_01_it.o(.text.HardFault_Handler) for [Anonymous Symbol]
    ht32f5xxxx_01_it.o(.ARM.exidx.text.SVC_Handler) refers to ht32f5xxxx_01_it.o(.text.SVC_Handler) for [Anonymous Symbol]
    ht32f5xxxx_01_it.o(.ARM.exidx.text.PendSV_Handler) refers to ht32f5xxxx_01_it.o(.text.PendSV_Handler) for [Anonymous Symbol]
    ht32f5xxxx_01_it.o(.ARM.exidx.text.SysTick_Handler) refers to ht32f5xxxx_01_it.o(.text.SysTick_Handler) for [Anonymous Symbol]
    system_ht32f5xxxx_09.o(.ARM.exidx.text.SystemInit) refers to system_ht32f5xxxx_09.o(.text.SystemInit) for [Anonymous Symbol]
    system_ht32f5xxxx_09.o(.text.SystemCoreClockUpdate) refers to system_ht32f5xxxx_09.o(.data.SystemCoreClock) for SystemCoreClock
    system_ht32f5xxxx_09.o(.ARM.exidx.text.SystemCoreClockUpdate) refers to system_ht32f5xxxx_09.o(.text.SystemCoreClockUpdate) for [Anonymous Symbol]
    startup_ht32f5xxxx_09.o(RESET) refers to startup_ht32f5xxxx_09.o(STACK) for __initial_sp
    startup_ht32f5xxxx_09.o(RESET) refers to ht32f5xxxx_01_it.o(.text.NMI_Handler) for NMI_Handler
    startup_ht32f5xxxx_09.o(RESET) refers to ht32f5xxxx_01_it.o(.text.HardFault_Handler) for HardFault_Handler
    startup_ht32f5xxxx_09.o(RESET) refers to ht32f5xxxx_01_it.o(.text.SVC_Handler) for SVC_Handler
    startup_ht32f5xxxx_09.o(RESET) refers to ht32f5xxxx_01_it.o(.text.PendSV_Handler) for PendSV_Handler
    startup_ht32f5xxxx_09.o(RESET) refers to ht32f5xxxx_01_it.o(.text.SysTick_Handler) for SysTick_Handler
    startup_ht32f5xxxx_09.o(RESET) refers to system_ht32f5xxxx_09.o(.text.SystemInit) for SystemInit
    startup_ht32f5xxxx_09.o(RESET) refers to entry.o(.ARM.Collect$$$$00000000) for __main
    ht32_cm0plus_misc.o(.text.DIV32_Init) refers to ht32_cm0plus_misc.o(.data.Data) for [Anonymous Symbol]
    ht32_cm0plus_misc.o(.text.DIV32_Init) refers to ht32_cm0plus_misc.o(.bss.SDIV32) for SDIV32
    ht32_cm0plus_misc.o(.text.DIV32_Init) refers to ht32_cm0plus_misc.o(.bss.UDIV32) for UDIV32
[...]
    Removing ht32f5xxxx_ckcu.o(.text.CKCU_WaitHSEReady), (32 bytes).
    Removing ht32f5xxxx_ckcu.o(.ARM.exidx.text.CKCU_WaitHSEReady), (8 bytes).
    Removing ht32f5xxxx_ckcu.o(.text.CKCU_PLLInit), (52 bytes).
    Removing ht32f5xxxx_ckcu.o(.ARM.exidx.text.CKCU_PLLInit), (8 bytes).
    Removing ht32f5xxxx_ckcu.o(.text.CKCU_GetSysClockSource), (16 bytes).
    Removing ht32f5xxxx_ckcu.o(.ARM.exidx.text.CKCU_GetSysClockSource), (8 bytes).
    Removing ht32f5xxxx_ckcu.o(.text.CKCU_SetHCLKPrescaler), (12 bytes).
    Removing ht32f5xxxx_ckcu.o(.ARM.exidx.text.CKCU_SetHCLKPrescaler), (8 bytes).
    Removing ht32f5xxxx_ckcu.o(.text.CKCU_SetCKREFPrescaler), (24 bytes).
    Removing ht32f5xxxx_ckcu.o(.ARM.exidx.text.CKCU_SetCKREFPrescaler), (8 bytes).
    Removing ht32f5xxxx_ckcu.o(.text.CKCU_SetADCnPrescaler), (24 bytes).
    Removing ht32f5xxxx_ckcu.o(.ARM.exidx.text.CKCU_SetADCnPrescaler), (8 bytes).
    Removing ht32f5xxxx_ckcu.o(.ARM.exidx.text.CKCU_GetClocksFrequency), (8 bytes).
    Removing ht32f5xxxx_ckcu.o(.ARM.exidx.text.CKCU_GetPLLFrequency), (8 bytes).
    Removing ht32f5xxxx_ckcu.o(.text.CKCU_SetPeripPrescaler), (40 bytes).
    Removing ht32f5xxxx_ckcu.o(.ARM.exidx.text.CKCU_SetPeripPrescaler), (8 bytes).
    Removing ht32f5xxxx_ckcu.o(.ARM.exidx.text.CKCU_GetPeripFrequency), (8 bytes).
    Removing ht32f5xxxx_ckcu.o(.text.CKCU_CKMCmd), (24 bytes).
    Removing ht32f5xxxx_ckcu.o(.ARM.exidx.text.CKCU_CKMCmd), (8 bytes).
    Removing ht32f5xxxx_ckcu.o(.text.CKCU_PSRCWKUPCmd), (24 bytes).
    Removing ht32f5xxxx_ckcu.o(.ARM.exidx.text.CKCU_PSRCWKUPCmd), (8 bytes).
    Removing ht32f5xxxx_ckcu.o(.text.CKCU_CKOUTConfig), (20 bytes).
    Removing ht32f5xxxx_ckcu.o(.ARM.exidx.text.CKCU_CKOUTConfig), (8 bytes).
    Removing ht32f5xxxx_ckcu.o(.text.CKCU_GetIntStatus), (20 bytes).
    Removing ht32f5xxxx_ckcu.o(.ARM.exidx.text.CKCU_GetIntStatus), (8 bytes).
    Removing ht32f5xxxx_ckcu.o(.text.CKCU_ClearIntFlag), (16 bytes).
    Removing ht32f5xxxx_ckcu.o(.ARM.exidx.text.CKCU_ClearIntFlag), (8 bytes).
    Removing ht32f5xxxx_ckcu.o(.text.CKCU_IntConfig), (28 bytes).
    Removing ht32f5xxxx_ckcu.o(.ARM.exidx.text.CKCU_IntConfig), (8 bytes).
    Removing ht32f5xxxx_ckcu.o(.text.CKCU_SleepClockConfig), (28 bytes).
    Removing ht32f5xxxx_ckcu.o(.ARM.exidx.text.CKCU_SleepClockConfig), (8 bytes).
    Removing ht32f5xxxx_ckcu.o(.text.CKCU_IS_PLL_USED), (20 bytes).
    Removing ht32f5xxxx_ckcu.o(.ARM.exidx.text.CKCU_IS_PLL_USED), (8 bytes).
    Removing ht32f5xxxx_ckcu.o(.text.CKCU_IS_HSI_USED), (20 bytes).
    Removing ht32f5xxxx_ckcu.o(.ARM.exidx.text.CKCU_IS_HSI_USED), (8 bytes).
    Removing ht32f5xxxx_ckcu.o(.text.CKCU_IS_HSE_USED), (20 bytes).
    Removing ht32f5xxxx_ckcu.o(.ARM.exidx.text.CKCU_IS_HSE_USED), (8 bytes).
    Removing ht32f5xxxx_ckcu.o(.text.CKCU_MCUDBGConfig), (28 bytes).
    Removing ht32f5xxxx_ckcu.o(.ARM.exidx.text.CKCU_MCUDBGConfig), (8 bytes).
    Removing ht32f5xxxx_ckcu.o(.text.CKCU_BKISOCmd), (24 bytes).
    Removing ht32f5xxxx_ckcu.o(.ARM.exidx.text.CKCU_BKISOCmd), (8 bytes).
    Removing ht32f5xxxx_ckcu.o(.ARM.exidx.text.CKCU_PeripClockConfig), (8 bytes).
    Removing ht32f5xxxx_ckcu.o(.text.CKCU_HSIAutoTrimClkConfig), (20 bytes).
    Removing ht32f5xxxx_ckcu.o(.ARM.exidx.text.CKCU_HSIAutoTrimClkConfig), (8 bytes).
    Removing ht32f5xxxx_ckcu.o(.text.CKCU_ATCInit), (28 bytes).
    Removing ht32f5xxxx_ckcu.o(.ARM.exidx.text.CKCU_ATCInit), (8 bytes).
    Removing ht32f5xxxx_ckcu.o(.text.CKCU_HSIAutoTrimCmd), (32 bytes).
    Removing ht32f5xxxx_ckcu.o(.ARM.exidx.text.CKCU_HSIAutoTrimCmd), (8 bytes).
    Removing ht32f5xxxx_ckcu.o(.text.CKCU_HSIAutoTrimIsReady), (16 bytes).
    Removing ht32f5xxxx_ckcu.o(.ARM.exidx.text.CKCU_HSIAutoTrimIsReady), (8 bytes).
    Removing ht32f5xxxx_ckcu.o(.text.CKCU_SetHSEGainMode), (20 bytes).
    Removing ht32f5xxxx_ckcu.o(.ARM.exidx.text.CKCU_SetHSEGainMode), (8 bytes).
    Removing ht32f5xxxx_cmp.o(.text), (0 bytes).
    Removing ht32f5xxxx_cmp.o(.text.CMP_DeInit), (16 bytes).
    Removing ht32f5xxxx_cmp.o(.ARM.exidx.text.CMP_DeInit), (8 bytes).
    Removing ht32f5xxxx_cmp.o(.text.CMP_UnprotectConfig), (12 bytes).
    Removing ht32f5xxxx_cmp.o(.ARM.exidx.text.CMP_UnprotectConfig), (8 bytes).
    Removing ht32f5xxxx_cmp.o(.text.CMP_Init), (60 bytes).
    Removing ht32f5xxxx_cmp.o(.ARM.exidx.text.CMP_Init), (8 bytes).
    Removing ht32f5xxxx_cmp.o(.text.CMP_StructInit), (10 bytes).
    Removing ht32f5xxxx_cmp.o(.ARM.exidx.text.CMP_StructInit), (8 bytes).
    Removing ht32f5xxxx_cmp.o(.text.CMP_Cmd), (16 bytes).
    Removing ht32f5xxxx_cmp.o(.ARM.exidx.text.CMP_Cmd), (8 bytes).
    Removing ht32f5xxxx_cmp.o(.text.CMP_IntConfig), (20 bytes).
    Removing ht32f5xxxx_cmp.o(.ARM.exidx.text.CMP_IntConfig), (8 bytes).
    Removing ht32f5xxxx_cmp.o(.text.CMP_EdgeDetectConfig), (26 bytes).
    Removing ht32f5xxxx_cmp.o(.ARM.exidx.text.CMP_EdgeDetectConfig), (8 bytes).
    Removing ht32f5xxxx_cmp.o(.text.CMP_GetFlagStatus), (10 bytes).
    Removing ht32f5xxxx_cmp.o(.ARM.exidx.text.CMP_GetFlagStatus), (8 bytes).
    Removing ht32f5xxxx_cmp.o(.text.CMP_ClearFlag), (16 bytes).
    Removing ht32f5xxxx_cmp.o(.ARM.exidx.text.CMP_ClearFlag), (8 bytes).
    Removing ht32f5xxxx_cmp.o(.text.CMP_GetOutputStatus), (8 bytes).
    Removing ht32f5xxxx_cmp.o(.ARM.exidx.text.CMP_GetOutputStatus), (8 bytes).
    Removing ht32f5xxxx_cmp.o(.text.CMP_SetScalerValue), (4 bytes).
    Removing ht32f5xxxx_cmp.o(.ARM.exidx.text.CMP_SetScalerValue), (8 bytes).
    Removing ht32f5xxxx_crc.o(.text), (0 bytes).
    Removing ht32f5xxxx_crc.o(.text.CRC_DeInit), (16 bytes).
    Removing ht32f5xxxx_crc.o(.ARM.exidx.text.CRC_DeInit), (8 bytes).
    Removing ht32f5xxxx_crc.o(.text.CRC_Init), (40 bytes).
    Removing ht32f5xxxx_crc.o(.ARM.exidx.text.CRC_Init), (8 bytes).
    Removing ht32f5xxxx_crc.o(.text.CRC_Process), (18 bytes).
    Removing ht32f5xxxx_crc.o(.ARM.exidx.text.CRC_Process), (8 bytes).
    Removing ht32f5xxxx_crc.o(.text.CRC_CCITT), (32 bytes).
    Removing ht32f5xxxx_crc.o(.ARM.exidx.text.CRC_CCITT), (8 bytes).
    Removing ht32f5xxxx_crc.o(.text.CRC_16), (32 bytes).
    Removing ht32f5xxxx_crc.o(.ARM.exidx.text.CRC_16), (8 bytes).
    Removing ht32f5xxxx_crc.o(.text.CRC_32), (32 bytes).
    Removing ht32f5xxxx_crc.o(.ARM.exidx.text.CRC_32), (8 bytes).
    Removing ht32f5xxxx_div.o(.text), (0 bytes).
    Removing ht32f5xxxx_div.o(.text.DIV_DeInit), (16 bytes).
    Removing ht32f5xxxx_div.o(.ARM.exidx.text.DIV_DeInit), (8 bytes).
    Removing ht32f5xxxx_div.o(.text.DIV_Div32), (24 bytes).
    Removing ht32f5xxxx_div.o(.ARM.exidx.text.DIV_Div32), (8 bytes).
    Removing ht32f5xxxx_div.o(.text.DIV_uDiv32), (120 bytes).
    Removing ht32f5xxxx_div.o(.ARM.exidx.text.DIV_uDiv32), (8 bytes).
    Removing ht32f5xxxx_div.o(.text.DIV_uGetLastRemainder), (12 bytes).
    Removing ht32f5xxxx_div.o(.ARM.exidx.text.DIV_uGetLastRemainder), (8 bytes).
    Removing ht32f5xxxx_div.o(.text.DIV_Mod), (16 bytes).
    Removing ht32f5xxxx_div.o(.ARM.exidx.text.DIV_Mod), (8 bytes).
    Removing ht32f5xxxx_div.o(.text.DIV_IsDivByZero), (16 bytes).
    Removing ht32f5xxxx_div.o(.ARM.exidx.text.DIV_IsDivByZero), (8 bytes).
    Removing ht32f5xxxx_div.o(.bss.guRemainder), (4 bytes).
    Removing ht32f5xxxx_exti.o(.text), (0 bytes).
    Removing ht32f5xxxx_exti.o(.text.EXTI_DeInit), (52 bytes).
    Removing ht32f5xxxx_exti.o(.ARM.exidx.text.EXTI_DeInit), (8 bytes).
    Removing ht32f5xxxx_exti.o(.text.EXTI_Init), (28 bytes).
    Removing ht32f5xxxx_exti.o(.ARM.exidx.text.EXTI_Init), (8 bytes).
    Removing ht32f5xxxx_exti.o(.text.EXTI_IntConfig), (32 bytes).
    Removing ht32f5xxxx_exti.o(.ARM.exidx.text.EXTI_IntConfig), (8 bytes).
    Removing ht32f5xxxx_exti.o(.text.EXTI_WakeupEventConfig), (52 bytes).
    Removing ht32f5xxxx_exti.o(.ARM.exidx.text.EXTI_WakeupEventConfig), (8 bytes).
    Removing ht32f5xxxx_exti.o(.text.EXTI_WakeupEventIntConfig), (32 bytes).
    Removing ht32f5xxxx_exti.o(.ARM.exidx.text.EXTI_WakeupEventIntConfig), (8 bytes).
    Removing ht32f5xxxx_exti.o(.text.EXTI_ClearEdgeFlag), (16 bytes).
    Removing ht32f5xxxx_exti.o(.ARM.exidx.text.EXTI_ClearEdgeFlag), (8 bytes).
    Removing ht32f5xxxx_exti.o(.text.EXTI_ClearWakeupFlag), (20 bytes).
    Removing ht32f5xxxx_exti.o(.ARM.exidx.text.EXTI_ClearWakeupFlag), (8 bytes).
    Removing ht32f5xxxx_exti.o(.text.EXTI_GetEdgeFlag), (16 bytes).
    Removing ht32f5xxxx_exti.o(.ARM.exidx.text.EXTI_GetEdgeFlag), (8 bytes).
    Removing ht32f5xxxx_exti.o(.text.EXTI_GetEdgeStatus), (36 bytes).
    Removing ht32f5xxxx_exti.o(.ARM.exidx.text.EXTI_GetEdgeStatus), (8 bytes).
    Removing ht32f5xxxx_exti.o(.text.EXTI_GetWakeupFlagStatus), (16 bytes).
    Removing ht32f5xxxx_exti.o(.ARM.exidx.text.EXTI_GetWakeupFlagStatus), (8 bytes).
    Removing ht32f5xxxx_exti.o(.text.EXTI_SWIntCmd), (28 bytes).
    Removing ht32f5xxxx_exti.o(.ARM.exidx.text.EXTI_SWIntCmd), (8 bytes).
    Removing ht32f5xxxx_exti.o(.text.EXTI_GetSWCmdStatus), (16 bytes).
    Removing ht32f5xxxx_exti.o(.ARM.exidx.text.EXTI_GetSWCmdStatus), (8 bytes).
    Removing ht32f5xxxx_exti.o(.rodata.gEXTIn_IRQn), (16 bytes).
    Removing ht32f5xxxx_flash.o(.text), (0 bytes).
    Removing ht32f5xxxx_flash.o(.text.FLASH_SetWaitState), (44 bytes).
    Removing ht32f5xxxx_flash.o(.ARM.exidx.text.FLASH_SetWaitState), (8 bytes).
    Removing ht32f5xxxx_flash.o(.text.FLASH_PrefetchBufferCmd), (24 bytes).
    Removing ht32f5xxxx_flash.o(.ARM.exidx.text.FLASH_PrefetchBufferCmd), (8 bytes).
    Removing ht32f5xxxx_flash.o(.text.FLASH_SetRemappingMode), (12 bytes).
    Removing ht32f5xxxx_flash.o(.ARM.exidx.text.FLASH_SetRemappingMode), (8 bytes).
    Removing ht32f5xxxx_flash.o(.text.FLASH_ErasePage), (20 bytes).
    Removing ht32f5xxxx_flash.o(.ARM.exidx.text.FLASH_ErasePage), (8 bytes).
    Removing ht32f5xxxx_flash.o(.text.FLASH_WaitForOperationEnd), (84 bytes).
    Removing ht32f5xxxx_flash.o(.ARM.exidx.text.FLASH_WaitForOperationEnd), (8 bytes).
    Removing ht32f5xxxx_flash.o(.text.FLASH_EraseOptionByte), (16 bytes).
    Removing ht32f5xxxx_flash.o(.ARM.exidx.text.FLASH_EraseOptionByte), (8 bytes).
    Removing ht32f5xxxx_flash.o(.text.FLASH_MassErase), (20 bytes).
    Removing ht32f5xxxx_flash.o(.ARM.exidx.text.FLASH_MassErase), (8 bytes).
    Removing ht32f5xxxx_flash.o(.text.FLASH_ProgramWordData), (24 bytes).
    Removing ht32f5xxxx_flash.o(.ARM.exidx.text.FLASH_ProgramWordData), (8 bytes).
    Removing ht32f5xxxx_flash.o(.text.FLASH_ProgramOptionByte), (84 bytes).
    Removing ht32f5xxxx_flash.o(.ARM.exidx.text.FLASH_ProgramOptionByte), (8 bytes).
    Removing ht32f5xxxx_flash.o(.text.FLASH_GetOptionByteStatus), (48 bytes).
    Removing ht32f5xxxx_flash.o(.ARM.exidx.text.FLASH_GetOptionByteStatus), (8 bytes).
    Removing ht32f5xxxx_flash.o(.text.FLASH_IntConfig), (28 bytes).
    Removing ht32f5xxxx_flash.o(.ARM.exidx.text.FLASH_IntConfig), (8 bytes).
    Removing ht32f5xxxx_flash.o(.text.FLASH_GetIntStatus), (20 bytes).
    Removing ht32f5xxxx_flash.o(.ARM.exidx.text.FLASH_GetIntStatus), (8 bytes).
    Removing ht32f5xxxx_flash.o(.text.FLASH_ClearIntFlag), (12 bytes).
    Removing ht32f5xxxx_flash.o(.ARM.exidx.text.FLASH_ClearIntFlag), (8 bytes).
    Removing ht32f5xxxx_gpio.o(.text), (0 bytes).
    Removing ht32f5xxxx_gpio.o(.text.GPIO_DeInit), (56 bytes).
    Removing ht32f5xxxx_gpio.o(.ARM.exidx.text.GPIO_DeInit), (8 bytes).
    Removing ht32f5xxxx_gpio.o(.ARM.exidx.text.GPIO_DirectionConfig), (8 bytes).
    Removing ht32f5xxxx_gpio.o(.ARM.exidx.text.GPIO_PullResistorConfig), (8 bytes).
    Removing ht32f5xxxx_gpio.o(.text.GPIO_InputConfig), (20 bytes).
    Removing ht32f5xxxx_gpio.o(.ARM.exidx.text.GPIO_InputConfig), (8 bytes).
    Removing ht32f5xxxx_gpio.o(.ARM.exidx.text.GPIO_DriveConfig), (8 bytes).
    Removing ht32f5xxxx_gpio.o(.text.GPIO_OpenDrainConfig), (20 bytes).
    Removing ht32f5xxxx_gpio.o(.ARM.exidx.text.GPIO_OpenDrainConfig), (8 bytes).
    Removing ht32f5xxxx_gpio.o(.text.GPIO_ReadInBit), (10 bytes).
    Removing ht32f5xxxx_gpio.o(.ARM.exidx.text.GPIO_ReadInBit), (8 bytes).
    Removing ht32f5xxxx_gpio.o(.text.GPIO_ReadInData), (6 bytes).
    Removing ht32f5xxxx_gpio.o(.ARM.exidx.text.GPIO_ReadInData), (8 bytes).
    Removing ht32f5xxxx_gpio.o(.text.GPIO_ReadOutBit), (10 bytes).
    Removing ht32f5xxxx_gpio.o(.ARM.exidx.text.GPIO_ReadOutBit), (8 bytes).
    Removing ht32f5xxxx_gpio.o(.text.GPIO_ReadOutData), (6 bytes).
    Removing ht32f5xxxx_gpio.o(.ARM.exidx.text.GPIO_ReadOutData), (8 bytes).
    Removing ht32f5xxxx_gpio.o(.text.GPIO_SetOutBits), (4 bytes).
    Removing ht32f5xxxx_gpio.o(.ARM.exidx.text.GPIO_SetOutBits), (8 bytes).
    Removing ht32f5xxxx_gpio.o(.text.GPIO_ClearOutBits), (4 bytes).
    Removing ht32f5xxxx_gpio.o(.ARM.exidx.text.GPIO_ClearOutBits), (8 bytes).
    Removing ht32f5xxxx_gpio.o(.text.GPIO_WriteOutBits), (16 bytes).
    Removing ht32f5xxxx_gpio.o(.ARM.exidx.text.GPIO_WriteOutBits), (8 bytes).
    Removing ht32f5xxxx_gpio.o(.text.GPIO_WriteOutData), (4 bytes).
    Removing ht32f5xxxx_gpio.o(.ARM.exidx.text.GPIO_WriteOutData), (8 bytes).
    Removing ht32f5xxxx_gpio.o(.text.GPIO_PinLock), (12 bytes).
    Removing ht32f5xxxx_gpio.o(.ARM.exidx.text.GPIO_PinLock), (8 bytes).
    Removing ht32f5xxxx_gpio.o(.text.GPIO_IsPortLocked), (10 bytes).
    Removing ht32f5xxxx_gpio.o(.ARM.exidx.text.GPIO_IsPortLocked), (8 bytes).
    Removing ht32f5xxxx_gpio.o(.text.GPIO_IsPinLocked), (10 bytes).
    Removing ht32f5xxxx_gpio.o(.ARM.exidx.text.GPIO_IsPinLocked), (8 bytes).
    Removing ht32f5xxxx_gpio.o(.text.GPIO_GetID), (8 bytes).
    Removing ht32f5xxxx_gpio.o(.ARM.exidx.text.GPIO_GetID), (8 bytes).
    Removing ht32f5xxxx_gpio.o(.text.AFIO_DeInit), (16 bytes).
    Removing ht32f5xxxx_gpio.o(.ARM.exidx.text.AFIO_DeInit), (8 bytes).
    Removing ht32f5xxxx_gpio.o(.ARM.exidx.text.AFIO_GPxConfig), (8 bytes).
    Removing ht32f5xxxx_gpio.o(.text.AFIO_EXTISourceConfig), (44 bytes).
    Removing ht32f5xxxx_gpio.o(.ARM.exidx.text.AFIO_EXTISourceConfig), (8 bytes).
    Removing ht32f5xxxx_gpio.o(.text._GPIO_ClockControl), (52 bytes).
    Removing ht32f5xxxx_gpio.o(.ARM.exidx.text._GPIO_ClockControl), (8 bytes).
    Removing ht32f5xxxx_gpio.o(.text._AFIO_ClockControl), (44 bytes).
    Removing ht32f5xxxx_gpio.o(.ARM.exidx.text._AFIO_ClockControl), (8 bytes).
    Removing ht32f5xxxx_i2c.o(.text), (0 bytes).
    Removing ht32f5xxxx_i2c.o(.text.I2C_DeInit), (60 bytes).
    Removing ht32f5xxxx_i2c.o(.ARM.exidx.text.I2C_DeInit), (8 bytes).
    Removing ht32f5xxxx_i2c.o(.ARM.exidx.text.I2C_Init), (8 bytes).
    Removing ht32f5xxxx_i2c.o(.text.I2C_StructInit), (16 bytes).
    Removing ht32f5xxxx_i2c.o(.ARM.exidx.text.I2C_StructInit), (8 bytes).
    Removing ht32f5xxxx_i2c.o(.ARM.exidx.text.I2C_Cmd), (8 bytes).
    Removing ht32f5xxxx_i2c.o(.text.I2C_GenerateSTOP), (10 bytes).
    Removing ht32f5xxxx_i2c.o(.ARM.exidx.text.I2C_GenerateSTOP), (8 bytes).
    Removing ht32f5xxxx_i2c.o(.text.I2C_IntConfig), (20 bytes).
    Removing ht32f5xxxx_i2c.o(.ARM.exidx.text.I2C_IntConfig), (8 bytes).
    Removing ht32f5xxxx_i2c.o(.text.I2C_GeneralCallCmd), (18 bytes).
    Removing ht32f5xxxx_i2c.o(.ARM.exidx.text.I2C_GeneralCallCmd), (8 bytes).
    Removing ht32f5xxxx_i2c.o(.text.I2C_AckCmd), (16 bytes).
    Removing ht32f5xxxx_i2c.o(.ARM.exidx.text.I2C_AckCmd), (8 bytes).
    Removing ht32f5xxxx_i2c.o(.text.I2C_SetOwnAddress), (4 bytes).
    Removing ht32f5xxxx_i2c.o(.ARM.exidx.text.I2C_SetOwnAddress), (8 bytes).
    Removing ht32f5xxxx_i2c.o(.text.I2C_TargetAddressConfig), (20 bytes).
    Removing ht32f5xxxx_i2c.o(.ARM.exidx.text.I2C_TargetAddressConfig), (8 bytes).
    Removing ht32f5xxxx_i2c.o(.ARM.exidx.text.I2C_SendData), (8 bytes).
    Removing ht32f5xxxx_i2c.o(.ARM.exidx.text.I2C_ReceiveData), (8 bytes).
    Removing ht32f5xxxx_i2c.o(.text.I2C_ReadRegister), (22 bytes).
    Removing ht32f5xxxx_i2c.o(.ARM.exidx.text.I2C_ReadRegister), (8 bytes).
    Removing ht32f5xxxx_i2c.o(.text.I2C_GetFlagStatus), (10 bytes).
    Removing ht32f5xxxx_i2c.o(.ARM.exidx.text.I2C_GetFlagStatus), (8 bytes).
    Removing ht32f5xxxx_i2c.o(.ARM.exidx.text.I2C_CheckStatus), (8 bytes).
    Removing ht32f5xxxx_i2c.o(.ARM.exidx.text.I2C_ClearFlag), (8 bytes).
    Removing ht32f5xxxx_i2c.o(.text.I2C_SetSCLHighPeriod), (4 bytes).
    Removing ht32f5xxxx_i2c.o(.ARM.exidx.text.I2C_SetSCLHighPeriod), (8 bytes).
    Removing ht32f5xxxx_i2c.o(.text.I2C_SetSCLLowPeriod), (4 bytes).
    Removing ht32f5xxxx_i2c.o(.ARM.exidx.text.I2C_SetSCLLowPeriod), (8 bytes).
    Removing ht32f5xxxx_i2c.o(.text.I2C_PDMACmd), (20 bytes).
    Removing ht32f5xxxx_i2c.o(.ARM.exidx.text.I2C_PDMACmd), (8 bytes).
    Removing ht32f5xxxx_i2c.o(.text.I2C_PDMANACKCmd), (20 bytes).
    Removing ht32f5xxxx_i2c.o(.ARM.exidx.text.I2C_PDMANACKCmd), (8 bytes).
    Removing ht32f5xxxx_i2c.o(.text.I2C_TimeOutCmd), (20 bytes).
    Removing ht32f5xxxx_i2c.o(.ARM.exidx.text.I2C_TimeOutCmd), (8 bytes).
    Removing ht32f5xxxx_i2c.o(.text.I2C_SetTimeOutValue), (16 bytes).
    Removing ht32f5xxxx_i2c.o(.ARM.exidx.text.I2C_SetTimeOutValue), (8 bytes).
    Removing ht32f5xxxx_i2c.o(.text.I2C_SetTimeOutPrescaler), (10 bytes).
    Removing ht32f5xxxx_i2c.o(.ARM.exidx.text.I2C_SetTimeOutPrescaler), (8 bytes).
    Removing ht32f5xxxx_i2c.o(.text.I2C_AddressMaskConfig), (4 bytes).
    Removing ht32f5xxxx_i2c.o(.ARM.exidx.text.I2C_AddressMaskConfig), (8 bytes).
    Removing ht32f5xxxx_i2c.o(.text.I2C_GetAddressBuffer), (6 bytes).
    Removing ht32f5xxxx_i2c.o(.ARM.exidx.text.I2C_GetAddressBuffer), (8 bytes).
    Removing ht32f5xxxx_i2c.o(.text.I2C_CombFilterCmd), (20 bytes).
    Removing ht32f5xxxx_i2c.o(.ARM.exidx.text.I2C_CombFilterCmd), (8 bytes).
    Removing ht32f5xxxx_i2c.o(.text.I2C_SequentialFilterConfig), (128 bytes).
    Removing ht32f5xxxx_i2c.o(.ARM.exidx.text.I2C_SequentialFilterConfig), (8 bytes).
    Removing ht32f5xxxx_ledc.o(.text), (0 bytes).
    Removing ht32f5xxxx_ledc.o(.text.LEDC_DeInit), (16 bytes).
    Removing ht32f5xxxx_ledc.o(.ARM.exidx.text.LEDC_DeInit), (8 bytes).
    Removing ht32f5xxxx_ledc.o(.text.LEDC_Init), (40 bytes).
    Removing ht32f5xxxx_ledc.o(.ARM.exidx.text.LEDC_Init), (8 bytes).
    Removing ht32f5xxxx_ledc.o(.text.LEDC_ClockSourceConfig), (24 bytes).
    Removing ht32f5xxxx_ledc.o(.ARM.exidx.text.LEDC_ClockSourceConfig), (8 bytes).
    Removing ht32f5xxxx_ledc.o(.text.LEDC_SetPrescaler), (24 bytes).
    Removing ht32f5xxxx_ledc.o(.ARM.exidx.text.LEDC_SetPrescaler), (8 bytes).
    Removing ht32f5xxxx_ledc.o(.text.LEDC_Cmd), (24 bytes).
    Removing ht32f5xxxx_ledc.o(.ARM.exidx.text.LEDC_Cmd), (8 bytes).
    Removing ht32f5xxxx_ledc.o(.text.LEDC_IntConfig), (24 bytes).
    Removing ht32f5xxxx_ledc.o(.ARM.exidx.text.LEDC_IntConfig), (8 bytes).
    Removing ht32f5xxxx_ledc.o(.text.LEDC_GetFlagStatus), (16 bytes).
    Removing ht32f5xxxx_ledc.o(.ARM.exidx.text.LEDC_GetFlagStatus), (8 bytes).
    Removing ht32f5xxxx_ledc.o(.text.LEDC_ClearFlagStatus), (16 bytes).
    Removing ht32f5xxxx_ledc.o(.ARM.exidx.text.LEDC_ClearFlagStatus), (8 bytes).
    Removing ht32f5xxxx_ledc.o(.text.LEDC_COMxConfig), (28 bytes).
    Removing ht32f5xxxx_ledc.o(.ARM.exidx.text.LEDC_COMxConfig), (8 bytes).
    Removing ht32f5xxxx_ledc.o(.text.LEDC_SetDeadTimeDuty), (12 bytes).
    Removing ht32f5xxxx_ledc.o(.ARM.exidx.text.LEDC_SetDeadTimeDuty), (8 bytes).
    Removing ht32f5xxxx_ledc.o(.text.LEDC_SetPolarityMode), (72 bytes).
    Removing ht32f5xxxx_ledc.o(.ARM.exidx.text.LEDC_SetPolarityMode), (8 bytes).
    Removing ht32f5xxxx_mctm.o(.text), (0 bytes).
    Removing ht32f5xxxx_mctm.o(.text.MCTM_ChNPolarityConfig), (20 bytes).
    Removing ht32f5xxxx_mctm.o(.ARM.exidx.text.MCTM_ChNPolarityConfig), (8 bytes).
    Removing ht32f5xxxx_mctm.o(.text.MCTM_ChannelNConfig), (26 bytes).
    Removing ht32f5xxxx_mctm.o(.ARM.exidx.text.MCTM_ChannelNConfig), (8 bytes).
    Removing ht32f5xxxx_mctm.o(.text.MCTM_CHMOECmd), (18 bytes).
    Removing ht32f5xxxx_mctm.o(.ARM.exidx.text.MCTM_CHMOECmd), (8 bytes).
    Removing ht32f5xxxx_mctm.o(.text.MCTM_CHBRKCTRConfig), (52 bytes).
    Removing ht32f5xxxx_mctm.o(.ARM.exidx.text.MCTM_CHBRKCTRConfig), (8 bytes).
    Removing ht32f5xxxx_mctm.o(.text.MCTM_CHBRKCTRConfig2), (14 bytes).
    Removing ht32f5xxxx_mctm.o(.ARM.exidx.text.MCTM_CHBRKCTRConfig2), (8 bytes).
    Removing ht32f5xxxx_mctm.o(.text.MCTM_CHBRKCTRStructInit), (18 bytes).
    Removing ht32f5xxxx_mctm.o(.ARM.exidx.text.MCTM_CHBRKCTRStructInit), (8 bytes).
    Removing ht32f5xxxx_mctm.o(.text.MCTM_COMPRECmd), (20 bytes).
    Removing ht32f5xxxx_mctm.o(.ARM.exidx.text.MCTM_COMPRECmd), (8 bytes).
    Removing ht32f5xxxx_mctm.o(.text.MCTM_COMUSConfig), (20 bytes).
    Removing ht32f5xxxx_mctm.o(.ARM.exidx.text.MCTM_COMUSConfig), (8 bytes).
    Removing ht32f5xxxx_pdma.o(.text), (0 bytes).
    Removing ht32f5xxxx_pdma.o(.text.PDMA_DeInit), (16 bytes).
    Removing ht32f5xxxx_pdma.o(.ARM.exidx.text.PDMA_DeInit), (8 bytes).
    Removing ht32f5xxxx_pdma.o(.text.PDMA_Config), (44 bytes).
    Removing ht32f5xxxx_pdma.o(.ARM.exidx.text.PDMA_Config), (8 bytes).
    Removing ht32f5xxxx_pdma.o(.text.PDMA_AddrConfig), (24 bytes).
    Removing ht32f5xxxx_pdma.o(.ARM.exidx.text.PDMA_AddrConfig), (8 bytes).
    Removing ht32f5xxxx_pdma.o(.text.PDMA_SrcAddrConfig), (16 bytes).
    Removing ht32f5xxxx_pdma.o(.ARM.exidx.text.PDMA_SrcAddrConfig), (8 bytes).
    Removing ht32f5xxxx_pdma.o(.text.PDMA_DstAddrConfig), (16 bytes).
    Removing ht32f5xxxx_pdma.o(.ARM.exidx.text.PDMA_DstAddrConfig), (8 bytes).
    Removing ht32f5xxxx_pdma.o(.text.PDMA_TranSizeConfig), (20 bytes).
    Removing ht32f5xxxx_pdma.o(.ARM.exidx.text.PDMA_TranSizeConfig), (8 bytes).
    Removing ht32f5xxxx_pdma.o(.text.PDMA_IntConfig), (32 bytes).
    Removing ht32f5xxxx_pdma.o(.ARM.exidx.text.PDMA_IntConfig), (8 bytes).
    Removing ht32f5xxxx_pdma.o(.text.PDMA_EnaCmd), (28 bytes).
    Removing ht32f5xxxx_pdma.o(.ARM.exidx.text.PDMA_EnaCmd), (8 bytes).
    Removing ht32f5xxxx_pdma.o(.text.PDMA_SwTrigCmd), (32 bytes).
    Removing ht32f5xxxx_pdma.o(.ARM.exidx.text.PDMA_SwTrigCmd), (8 bytes).
    Removing ht32f5xxxx_pdma.o(.text.PDMA_GetFlagStatus), (24 bytes).
    Removing ht32f5xxxx_pdma.o(.ARM.exidx.text.PDMA_GetFlagStatus), (8 bytes).
    Removing ht32f5xxxx_pdma.o(.text.PDMA_ClearFlag), (20 bytes).
    Removing ht32f5xxxx_pdma.o(.ARM.exidx.text.PDMA_ClearFlag), (8 bytes).
    Removing ht32f5xxxx_pdma.o(.text.PDMA_GetRemainBlkCnt), (16 bytes).
    Removing ht32f5xxxx_pdma.o(.ARM.exidx.text.PDMA_GetRemainBlkCnt), (8 bytes).
    Removing ht32f5xxxx_pwrcu.o(.text), (0 bytes).
    Removing ht32f5xxxx_pwrcu.o(.text.PWRCU_DeInit), (32 bytes).
    Removing ht32f5xxxx_pwrcu.o(.ARM.exidx.text.PWRCU_DeInit), (8 bytes).
    Removing ht32f5xxxx_pwrcu.o(.text.PWRCU_GetFlagStatus), (12 bytes).
    Removing ht32f5xxxx_pwrcu.o(.ARM.exidx.text.PWRCU_GetFlagStatus), (8 bytes).
    Removing ht32f5xxxx_pwrcu.o(.text.PWRCU_Sleep), (32 bytes).
    Removing ht32f5xxxx_pwrcu.o(.ARM.exidx.text.PWRCU_Sleep), (8 bytes).
    Removing ht32f5xxxx_pwrcu.o(.text.PWRCU_DeepSleep1), (88 bytes).
    Removing ht32f5xxxx_pwrcu.o(.ARM.exidx.text.PWRCU_DeepSleep1), (8 bytes).
    Removing ht32f5xxxx_pwrcu.o(.text.PWRCU_DeepSleep2), (100 bytes).
    Removing ht32f5xxxx_pwrcu.o(.ARM.exidx.text.PWRCU_DeepSleep2), (8 bytes).
    Removing ht32f5xxxx_pwrcu.o(.text.PWRCU_DeepSleep2Ex), (208 bytes).
    Removing ht32f5xxxx_pwrcu.o(.ARM.exidx.text.PWRCU_DeepSleep2Ex), (8 bytes).
    Removing ht32f5xxxx_pwrcu.o(.text.PWRCU_SetLVDS), (20 bytes).
    Removing ht32f5xxxx_pwrcu.o(.ARM.exidx.text.PWRCU_SetLVDS), (8 bytes).
    Removing ht32f5xxxx_pwrcu.o(.text.PWRCU_LVDCmd), (28 bytes).
    Removing ht32f5xxxx_pwrcu.o(.ARM.exidx.text.PWRCU_LVDCmd), (8 bytes).
    Removing ht32f5xxxx_pwrcu.o(.text.PWRCU_BODCmd), (24 bytes).
    Removing ht32f5xxxx_pwrcu.o(.ARM.exidx.text.PWRCU_BODCmd), (8 bytes).
    Removing ht32f5xxxx_pwrcu.o(.text.PWRCU_BODRISConfig), (24 bytes).
    Removing ht32f5xxxx_pwrcu.o(.ARM.exidx.text.PWRCU_BODRISConfig), (8 bytes).
    Removing ht32f5xxxx_pwrcu.o(.text.PWRCU_GetLVDFlagStatus), (16 bytes).
    Removing ht32f5xxxx_pwrcu.o(.ARM.exidx.text.PWRCU_GetLVDFlagStatus), (8 bytes).
    Removing ht32f5xxxx_pwrcu.o(.text.PWRCU_GetBODFlagStatus), (16 bytes).
    Removing ht32f5xxxx_pwrcu.o(.ARM.exidx.text.PWRCU_GetBODFlagStatus), (8 bytes).
    Removing ht32f5xxxx_pwrcu.o(.text.PWRCU_GetDMOSStatus), (36 bytes).
    Removing ht32f5xxxx_pwrcu.o(.ARM.exidx.text.PWRCU_GetDMOSStatus), (8 bytes).
    Removing ht32f5xxxx_pwrcu.o(.text.PWRCU_DMOSCmd), (40 bytes).
    Removing ht32f5xxxx_pwrcu.o(.ARM.exidx.text.PWRCU_DMOSCmd), (8 bytes).
    Removing ht32f5xxxx_pwrcu.o(.text.PWRCU_LDOConfig), (52 bytes).
    Removing ht32f5xxxx_pwrcu.o(.ARM.exidx.text.PWRCU_LDOConfig), (8 bytes).
    Removing ht32f5xxxx_pwrcu.o(.text.PWRCU_LVDIntWakeupConfig), (28 bytes).
    Removing ht32f5xxxx_pwrcu.o(.ARM.exidx.text.PWRCU_LVDIntWakeupConfig), (8 bytes).
    Removing ht32f5xxxx_pwrcu.o(.text.PWRCU_LVDEventWakeupConfig), (28 bytes).
    Removing ht32f5xxxx_pwrcu.o(.ARM.exidx.text.PWRCU_LVDEventWakeupConfig), (8 bytes).
    Removing ht32f5xxxx_pwrcu.o(.text.PWRCU_WakeupPinCmd), (28 bytes).
    Removing ht32f5xxxx_pwrcu.o(.ARM.exidx.text.PWRCU_WakeupPinCmd), (8 bytes).
    Removing ht32f5xxxx_pwrcu.o(.text.PWRCU_WakeupMultiPinCmd), (80 bytes).
    Removing ht32f5xxxx_pwrcu.o(.ARM.exidx.text.PWRCU_WakeupMultiPinCmd), (8 bytes).
    Removing ht32f5xxxx_rstcu.o(.text), (0 bytes).
    Removing ht32f5xxxx_rstcu.o(.text.RSTCU_GetResetFlagStatus), (16 bytes).
    Removing ht32f5xxxx_rstcu.o(.ARM.exidx.text.RSTCU_GetResetFlagStatus), (8 bytes).
    Removing ht32f5xxxx_rstcu.o(.text.RSTCU_ClearResetFlag), (16 bytes).
    Removing ht32f5xxxx_rstcu.o(.ARM.exidx.text.RSTCU_ClearResetFlag), (8 bytes).
    Removing ht32f5xxxx_rstcu.o(.text.RSTCU_ClearAllResetFlag), (12 bytes).
    Removing ht32f5xxxx_rstcu.o(.ARM.exidx.text.RSTCU_ClearAllResetFlag), (8 bytes).
    Removing ht32f5xxxx_rstcu.o(.text.RSTCU_PeripReset), (56 bytes).
    Removing ht32f5xxxx_rstcu.o(.ARM.exidx.text.RSTCU_PeripReset), (8 bytes).
    Removing ht32f5xxxx_rtc.o(.text), (0 bytes).
    Removing ht32f5xxxx_rtc.o(.text.RTC_DeInit), (48 bytes).
    Removing ht32f5xxxx_rtc.o(.ARM.exidx.text.RTC_DeInit), (8 bytes).
    Removing ht32f5xxxx_rtc.o(.text.RTC_ClockSourceConfig), (20 bytes).
    Removing ht32f5xxxx_rtc.o(.ARM.exidx.text.RTC_ClockSourceConfig), (8 bytes).
    Removing ht32f5xxxx_rtc.o(.text.RTC_LSESMConfig), (20 bytes).
    Removing ht32f5xxxx_rtc.o(.ARM.exidx.text.RTC_LSESMConfig), (8 bytes).
    Removing ht32f5xxxx_rtc.o(.text.RTC_LSECmd), (24 bytes).
    Removing ht32f5xxxx_rtc.o(.ARM.exidx.text.RTC_LSECmd), (8 bytes).
    Removing ht32f5xxxx_rtc.o(.text.RTC_CMPCLRCmd), (24 bytes).
    Removing ht32f5xxxx_rtc.o(.ARM.exidx.text.RTC_CMPCLRCmd), (8 bytes).
    Removing ht32f5xxxx_rtc.o(.text.RTC_SetPrescaler), (20 bytes).
    Removing ht32f5xxxx_rtc.o(.ARM.exidx.text.RTC_SetPrescaler), (8 bytes).
    Removing ht32f5xxxx_rtc.o(.text.RTC_GetPrescaler), (20 bytes).
    Removing ht32f5xxxx_rtc.o(.ARM.exidx.text.RTC_GetPrescaler), (8 bytes).
    Removing ht32f5xxxx_rtc.o(.text.RTC_Cmd), (24 bytes).
    Removing ht32f5xxxx_rtc.o(.ARM.exidx.text.RTC_Cmd), (8 bytes).
    Removing ht32f5xxxx_rtc.o(.text.RTC_GetCounter), (12 bytes).
    Removing ht32f5xxxx_rtc.o(.ARM.exidx.text.RTC_GetCounter), (8 bytes).
    Removing ht32f5xxxx_rtc.o(.text.RTC_SetCompare), (12 bytes).
    Removing ht32f5xxxx_rtc.o(.ARM.exidx.text.RTC_SetCompare), (8 bytes).
    Removing ht32f5xxxx_rtc.o(.text.RTC_GetCompare), (12 bytes).
    Removing ht32f5xxxx_rtc.o(.ARM.exidx.text.RTC_GetCompare), (8 bytes).
    Removing ht32f5xxxx_rtc.o(.text.RTC_WakeupConfig), (28 bytes).
    Removing ht32f5xxxx_rtc.o(.ARM.exidx.text.RTC_WakeupConfig), (8 bytes).
    Removing ht32f5xxxx_rtc.o(.text.RTC_IntConfig), (28 bytes).
    Removing ht32f5xxxx_rtc.o(.ARM.exidx.text.RTC_IntConfig), (8 bytes).
    Removing ht32f5xxxx_rtc.o(.text.RTC_GetFlagStatus), (12 bytes).
    Removing ht32f5xxxx_rtc.o(.ARM.exidx.text.RTC_GetFlagStatus), (8 bytes).
    Removing ht32f5xxxx_rtc.o(.text.RTC_OutConfig), (56 bytes).
    Removing ht32f5xxxx_rtc.o(.ARM.exidx.text.RTC_OutConfig), (8 bytes).
    Removing ht32f5xxxx_rtc.o(.text.RTC_OutCmd), (28 bytes).
    Removing ht32f5xxxx_rtc.o(.ARM.exidx.text.RTC_OutCmd), (8 bytes).
    Removing ht32f5xxxx_rtc.o(.text.RTC_GetOutStatus), (16 bytes).
    Removing ht32f5xxxx_rtc.o(.ARM.exidx.text.RTC_GetOutStatus), (8 bytes).
    Removing ht32f5xxxx_spi.o(.text), (0 bytes).
    Removing ht32f5xxxx_spi.o(.text.SPI_DeInit), (44 bytes).
    Removing ht32f5xxxx_spi.o(.ARM.exidx.text.SPI_DeInit), (8 bytes).
    Removing ht32f5xxxx_spi.o(.text.SPI_Init), (70 bytes).
    Removing ht32f5xxxx_spi.o(.ARM.exidx.text.SPI_Init), (8 bytes).
    Removing ht32f5xxxx_spi.o(.text.SPI_StructInit), (16 bytes).
    Removing ht32f5xxxx_spi.o(.ARM.exidx.text.SPI_StructInit), (8 bytes).
    Removing ht32f5xxxx_spi.o(.text.SPI_Cmd), (16 bytes).
    Removing ht32f5xxxx_spi.o(.ARM.exidx.text.SPI_Cmd), (8 bytes).
    Removing ht32f5xxxx_spi.o(.text.SPI_SELOutputCmd), (18 bytes).
    Removing ht32f5xxxx_spi.o(.ARM.exidx.text.SPI_SELOutputCmd), (8 bytes).
    Removing ht32f5xxxx_spi.o(.text.SPI_FIFOCmd), (20 bytes).
    Removing ht32f5xxxx_spi.o(.ARM.exidx.text.SPI_FIFOCmd), (8 bytes).
    Removing ht32f5xxxx_spi.o(.text.SPI_SetDataLength), (16 bytes).
    Removing ht32f5xxxx_spi.o(.ARM.exidx.text.SPI_SetDataLength), (8 bytes).
    Removing ht32f5xxxx_spi.o(.text.SPI_SELModeConfig), (20 bytes).
    Removing ht32f5xxxx_spi.o(.ARM.exidx.text.SPI_SELModeConfig), (8 bytes).
    Removing ht32f5xxxx_spi.o(.text.SPI_SoftwareSELCmd), (22 bytes).
    Removing ht32f5xxxx_spi.o(.ARM.exidx.text.SPI_SoftwareSELCmd), (8 bytes).
    Removing ht32f5xxxx_spi.o(.text.SPI_SendData), (4 bytes).
    Removing ht32f5xxxx_spi.o(.ARM.exidx.text.SPI_SendData), (8 bytes).
    Removing ht32f5xxxx_spi.o(.text.SPI_ReceiveData), (6 bytes).
    Removing ht32f5xxxx_spi.o(.ARM.exidx.text.SPI_ReceiveData), (8 bytes).
    Removing ht32f5xxxx_spi.o(.text.SPI_SetTimeOutValue), (4 bytes).
    Removing ht32f5xxxx_spi.o(.ARM.exidx.text.SPI_SetTimeOutValue), (8 bytes).
    Removing ht32f5xxxx_spi.o(.text.SPI_IntConfig), (20 bytes).
    Removing ht32f5xxxx_spi.o(.ARM.exidx.text.SPI_IntConfig), (8 bytes).
    Removing ht32f5xxxx_spi.o(.text.SPI_GetFlagStatus), (10 bytes).
    Removing ht32f5xxxx_spi.o(.ARM.exidx.text.SPI_GetFlagStatus), (8 bytes).
    Removing ht32f5xxxx_spi.o(.text.SPI_GetFIFOStatus), (18 bytes).
    Removing ht32f5xxxx_spi.o(.ARM.exidx.text.SPI_GetFIFOStatus), (8 bytes).
    Removing ht32f5xxxx_spi.o(.text.SPI_ClearFlag), (4 bytes).
    Removing ht32f5xxxx_spi.o(.ARM.exidx.text.SPI_ClearFlag), (8 bytes).
    Removing ht32f5xxxx_spi.o(.text.SPI_FIFOTriggerLevelConfig), (40 bytes).
    Removing ht32f5xxxx_spi.o(.ARM.exidx.text.SPI_FIFOTriggerLevelConfig), (8 bytes).
    Removing ht32f5xxxx_spi.o(.text.SPI_PDMACmd), (20 bytes).
    Removing ht32f5xxxx_spi.o(.ARM.exidx.text.SPI_PDMACmd), (8 bytes).
    Removing ht32f5xxxx_spi.o(.text.SPI_DUALCmd), (26 bytes).
    Removing ht32f5xxxx_spi.o(.ARM.exidx.text.SPI_DUALCmd), (8 bytes).
    Removing ht32f5xxxx_spi.o(.text.SPI_GUARDTCmd), (20 bytes).
    Removing ht32f5xxxx_spi.o(.ARM.exidx.text.SPI_GUARDTCmd), (8 bytes).
    Removing ht32f5xxxx_spi.o(.text.SPI_GUARDTConfig), (20 bytes).
    Removing ht32f5xxxx_spi.o(.ARM.exidx.text.SPI_GUARDTConfig), (8 bytes).
    Removing ht32f5xxxx_spi.o(.text.SPI_SELHTConfig), (20 bytes).
    Removing ht32f5xxxx_spi.o(.ARM.exidx.text.SPI_SELHTConfig), (8 bytes).
    Removing ht32f5xxxx_tkey.o(.text), (0 bytes).
    Removing ht32f5xxxx_tkey.o(.text.TKEY_DeInit), (16 bytes).
    Removing ht32f5xxxx_tkey.o(.ARM.exidx.text.TKEY_DeInit), (8 bytes).
    Removing ht32f5xxxx_tkey.o(.text.TKEY_IPClockConfig), (24 bytes).
    Removing ht32f5xxxx_tkey.o(.ARM.exidx.text.TKEY_IPClockConfig), (8 bytes).
    Removing ht32f5xxxx_tkey.o(.text.TKEY_RefOSCDelayTimeConfig), (20 bytes).
    Removing ht32f5xxxx_tkey.o(.ARM.exidx.text.TKEY_RefOSCDelayTimeConfig), (8 bytes).
    Removing ht32f5xxxx_tkey.o(.text.TKEY_PASMTimeoutConfig), (20 bytes).
    Removing ht32f5xxxx_tkey.o(.ARM.exidx.text.TKEY_PASMTimeoutConfig), (8 bytes).
    Removing ht32f5xxxx_tkey.o(.text.TKEY_PASMPeriodConfig), (20 bytes).
    Removing ht32f5xxxx_tkey.o(.ARM.exidx.text.TKEY_PASMPeriodConfig), (8 bytes).
    Removing ht32f5xxxx_tkey.o(.text.TKEY_16BitCounterClockConfig), (20 bytes).
    Removing ht32f5xxxx_tkey.o(.ARM.exidx.text.TKEY_16BitCounterClockConfig), (8 bytes).
    Removing ht32f5xxxx_tkey.o(.text.TKEY_OSCFreqConfig), (20 bytes).
    Removing ht32f5xxxx_tkey.o(.ARM.exidx.text.TKEY_OSCFreqConfig), (8 bytes).
    Removing ht32f5xxxx_tkey.o(.text.TKEY_ModeConfig), (20 bytes).
    Removing ht32f5xxxx_tkey.o(.ARM.exidx.text.TKEY_ModeConfig), (8 bytes).
    Removing ht32f5xxxx_tkey.o(.text.TKEY_StartCmd), (24 bytes).
    Removing ht32f5xxxx_tkey.o(.ARM.exidx.text.TKEY_StartCmd), (8 bytes).
    Removing ht32f5xxxx_tkey.o(.text.TKEY_IntConfig), (28 bytes).
    Removing ht32f5xxxx_tkey.o(.ARM.exidx.text.TKEY_IntConfig), (8 bytes).
    Removing ht32f5xxxx_tkey.o(.text.TKEY_GetFlagStatus), (20 bytes).
    Removing ht32f5xxxx_tkey.o(.ARM.exidx.text.TKEY_GetFlagStatus), (8 bytes).
    Removing ht32f5xxxx_tkey.o(.text.TKEY_ClearFlag), (12 bytes).
    Removing ht32f5xxxx_tkey.o(.ARM.exidx.text.TKEY_ClearFlag), (8 bytes).
    Removing ht32f5xxxx_tkey.o(.text.TKEY_Get16BitCounterValue), (12 bytes).
    Removing ht32f5xxxx_tkey.o(.ARM.exidx.text.TKEY_Get16BitCounterValue), (8 bytes).
    Removing ht32f5xxxx_tkey.o(.text.TKEY_Set8BitCounterReload), (12 bytes).
    Removing ht32f5xxxx_tkey.o(.ARM.exidx.text.TKEY_Set8BitCounterReload), (8 bytes).
    Removing ht32f5xxxx_tkey.o(.text.TKEY_Get8BitCounterReload), (12 bytes).
    Removing ht32f5xxxx_tkey.o(.ARM.exidx.text.TKEY_Get8BitCounterReload), (8 bytes).
    Removing ht32f5xxxx_tkey.o(.text.TKM_TimeSlotCounterClockConfig), (24 bytes).
    Removing ht32f5xxxx_tkey.o(.ARM.exidx.text.TKM_TimeSlotCounterClockConfig), (8 bytes).
    Removing ht32f5xxxx_tkey.o(.text.TKM_RefOSCCmd), (28 bytes).
    Removing ht32f5xxxx_tkey.o(.ARM.exidx.text.TKM_RefOSCCmd), (8 bytes).
    Removing ht32f5xxxx_tkey.o(.text.TKM_KeyOSCCmd), (28 bytes).
    Removing ht32f5xxxx_tkey.o(.ARM.exidx.text.TKM_KeyOSCCmd), (8 bytes).
    Removing ht32f5xxxx_tkey.o(.text.TKM_MultiFreqCmd), (28 bytes).
    Removing ht32f5xxxx_tkey.o(.ARM.exidx.text.TKM_MultiFreqCmd), (8 bytes).
    Removing ht32f5xxxx_tkey.o(.text.TKM_SOFCtrlConfig), (24 bytes).
    Removing ht32f5xxxx_tkey.o(.ARM.exidx.text.TKM_SOFCtrlConfig), (8 bytes).
    Removing ht32f5xxxx_tkey.o(.text.TKM_SOFFreqConfig), (24 bytes).
    Removing ht32f5xxxx_tkey.o(.ARM.exidx.text.TKM_SOFFreqConfig), (8 bytes).
    Removing ht32f5xxxx_tkey.o(.text.TKM_KeyCmd), (36 bytes).
    Removing ht32f5xxxx_tkey.o(.ARM.exidx.text.TKM_KeyCmd), (8 bytes).
    Removing ht32f5xxxx_tkey.o(.text.TKM_TimeSlotKeyConfig), (32 bytes).
    Removing ht32f5xxxx_tkey.o(.ARM.exidx.text.TKM_TimeSlotKeyConfig), (8 bytes).
    Removing ht32f5xxxx_tkey.o(.text.TKM_KeyThresholdConfig), (32 bytes).
    Removing ht32f5xxxx_tkey.o(.ARM.exidx.text.TKM_KeyThresholdConfig), (8 bytes).
    Removing ht32f5xxxx_tkey.o(.text.TKM_GetMatchFlagStatus), (20 bytes).
    Removing ht32f5xxxx_tkey.o(.ARM.exidx.text.TKM_GetMatchFlagStatus), (8 bytes).
    Removing ht32f5xxxx_tkey.o(.text.TKM_ClearMatchFlag), (16 bytes).
    Removing ht32f5xxxx_tkey.o(.ARM.exidx.text.TKM_ClearMatchFlag), (8 bytes).
    Removing ht32f5xxxx_tkey.o(.text.TKM_SetRefOSCCapacitor), (12 bytes).
    Removing ht32f5xxxx_tkey.o(.ARM.exidx.text.TKM_SetRefOSCCapacitor), (8 bytes).
    Removing ht32f5xxxx_tkey.o(.text.TKM_GetRefOSCCapacitor), (12 bytes).
    Removing ht32f5xxxx_tkey.o(.ARM.exidx.text.TKM_GetRefOSCCapacitor), (8 bytes).
    Removing ht32f5xxxx_tkey.o(.text.TKM_SetKeyCapacitor), (16 bytes).
    Removing ht32f5xxxx_tkey.o(.ARM.exidx.text.TKM_SetKeyCapacitor), (8 bytes).
    Removing ht32f5xxxx_tkey.o(.text.TKM_GetKeyCapacitor), (16 bytes).
    Removing ht32f5xxxx_tkey.o(.ARM.exidx.text.TKM_GetKeyCapacitor), (8 bytes).
    Removing ht32f5xxxx_tkey.o(.text.TKM_Get16BitCFCounterValue), (12 bytes).
    Removing ht32f5xxxx_tkey.o(.ARM.exidx.text.TKM_Get16BitCFCounterValue), (8 bytes).
    Removing ht32f5xxxx_tkey.o(.text.TKM_GetKeyCounterValue), (16 bytes).
    Removing ht32f5xxxx_tkey.o(.ARM.exidx.text.TKM_GetKeyCounterValue), (8 bytes).
    Removing ht32f5xxxx_tkey.o(.text.TKM_SetKeyThreshold), (16 bytes).
    Removing ht32f5xxxx_tkey.o(.ARM.exidx.text.TKM_SetKeyThreshold), (8 bytes).
    Removing ht32f5xxxx_tkey.o(.text.TKEY_GetKeyThreshold), (16 bytes).
    Removing ht32f5xxxx_tkey.o(.ARM.exidx.text.TKEY_GetKeyThreshold), (8 bytes).
    Removing ht32f5xxxx_tm.o(.text), (0 bytes).
    Removing ht32f5xxxx_tm.o(.text.TM_DeInit), (112 bytes).
    Removing ht32f5xxxx_tm.o(.ARM.exidx.text.TM_DeInit), (8 bytes).
    Removing ht32f5xxxx_tm.o(.text.TM_TimeBaseInit), (68 bytes).
    Removing ht32f5xxxx_tm.o(.ARM.exidx.text.TM_TimeBaseInit), (8 bytes).
    Removing ht32f5xxxx_tm.o(.text.TM_OutputInit), (176 bytes).
    Removing ht32f5xxxx_tm.o(.ARM.exidx.text.TM_OutputInit), (8 bytes).
    Removing ht32f5xxxx_tm.o(.text.TM_CaptureInit), (38 bytes).
    Removing ht32f5xxxx_tm.o(.ARM.exidx.text.TM_CaptureInit), (8 bytes).
    Removing ht32f5xxxx_tm.o(.text._TM_CHx_Config), (56 bytes).
    Removing ht32f5xxxx_tm.o(.ARM.exidx.text._TM_CHx_Config), (8 bytes).
    Removing ht32f5xxxx_tm.o(.text.TM_CHPSCConfig), (22 bytes).
    Removing ht32f5xxxx_tm.o(.ARM.exidx.text.TM_CHPSCConfig), (8 bytes).
    Removing ht32f5xxxx_tm.o(.text.TM_PwmInputInit), (84 bytes).
    Removing ht32f5xxxx_tm.o(.ARM.exidx.text.TM_PwmInputInit), (8 bytes).
    Removing ht32f5xxxx_tm.o(.text.TM_TimeBaseStructInit), (24 bytes).
    Removing ht32f5xxxx_tm.o(.ARM.exidx.text.TM_TimeBaseStructInit), (8 bytes).
    Removing ht32f5xxxx_tm.o(.text.TM_OutputStructInit), (18 bytes).
    Removing ht32f5xxxx_tm.o(.ARM.exidx.text.TM_OutputStructInit), (8 bytes).
    Removing ht32f5xxxx_tm.o(.text.TM_CaptureStructInit), (16 bytes).
    Removing ht32f5xxxx_tm.o(.ARM.exidx.text.TM_CaptureStructInit), (8 bytes).
    Removing ht32f5xxxx_tm.o(.text.TM_Cmd), (16 bytes).
    Removing ht32f5xxxx_tm.o(.ARM.exidx.text.TM_Cmd), (8 bytes).
    Removing ht32f5xxxx_tm.o(.text.TM_ItiExternalClockConfig), (20 bytes).
    Removing ht32f5xxxx_tm.o(.ARM.exidx.text.TM_ItiExternalClockConfig), (8 bytes).
    Removing ht32f5xxxx_tm.o(.text.TM_StiConfig), (26 bytes).
    Removing ht32f5xxxx_tm.o(.ARM.exidx.text.TM_StiConfig), (8 bytes).
    Removing ht32f5xxxx_tm.o(.text.TM_ChExternalClockConfig), (48 bytes).
    Removing ht32f5xxxx_tm.o(.ARM.exidx.text.TM_ChExternalClockConfig), (8 bytes).
    Removing ht32f5xxxx_tm.o(.text.TM_PrescalerConfig), (8 bytes).
    Removing ht32f5xxxx_tm.o(.ARM.exidx.text.TM_PrescalerConfig), (8 bytes).
    Removing ht32f5xxxx_tm.o(.text.TM_CounterModeConfig), (28 bytes).
    Removing ht32f5xxxx_tm.o(.ARM.exidx.text.TM_CounterModeConfig), (8 bytes).
    Removing ht32f5xxxx_tm.o(.text.TM_DecoderConfig), (60 bytes).
    Removing ht32f5xxxx_tm.o(.ARM.exidx.text.TM_DecoderConfig), (8 bytes).
    Removing ht32f5xxxx_tm.o(.text.TM_ForcedOREF), (18 bytes).
    Removing ht32f5xxxx_tm.o(.ARM.exidx.text.TM_ForcedOREF), (8 bytes).
    Removing ht32f5xxxx_tm.o(.text.TM_CRRPreloadCmd), (18 bytes).
    Removing ht32f5xxxx_tm.o(.ARM.exidx.text.TM_CRRPreloadCmd), (8 bytes).
    Removing ht32f5xxxx_tm.o(.text.TM_CHCCRPreloadConfig), (22 bytes).
    Removing ht32f5xxxx_tm.o(.ARM.exidx.text.TM_CHCCRPreloadConfig), (8 bytes).
    Removing ht32f5xxxx_tm.o(.text.TM_ChPolarityConfig), (18 bytes).
    Removing ht32f5xxxx_tm.o(.ARM.exidx.text.TM_ChPolarityConfig), (8 bytes).
    Removing ht32f5xxxx_tm.o(.text.TM_ImmActiveConfig), (22 bytes).
    Removing ht32f5xxxx_tm.o(.ARM.exidx.text.TM_ImmActiveConfig), (8 bytes).
    Removing ht32f5xxxx_tm.o(.text.TM_ChannelConfig), (24 bytes).
    Removing ht32f5xxxx_tm.o(.ARM.exidx.text.TM_ChannelConfig), (8 bytes).
    Removing ht32f5xxxx_tm.o(.text.TM_OutputModeConfig), (32 bytes).
    Removing ht32f5xxxx_tm.o(.ARM.exidx.text.TM_OutputModeConfig), (8 bytes).
    Removing ht32f5xxxx_tm.o(.text.TM_UpdateCmd), (16 bytes).
    Removing ht32f5xxxx_tm.o(.ARM.exidx.text.TM_UpdateCmd), (8 bytes).
    Removing ht32f5xxxx_tm.o(.text.TM_UEVG_IntConfig), (18 bytes).
    Removing ht32f5xxxx_tm.o(.ARM.exidx.text.TM_UEVG_IntConfig), (8 bytes).
    Removing ht32f5xxxx_tm.o(.text.TM_HallInterfaceCmd), (24 bytes).
    Removing ht32f5xxxx_tm.o(.ARM.exidx.text.TM_HallInterfaceCmd), (8 bytes).
    Removing ht32f5xxxx_tm.o(.text.TM_SinglePulseModeCmd), (20 bytes).
    Removing ht32f5xxxx_tm.o(.ARM.exidx.text.TM_SinglePulseModeCmd), (8 bytes).
    Removing ht32f5xxxx_tm.o(.text.TM_MMSELConfig), (14 bytes).
    Removing ht32f5xxxx_tm.o(.ARM.exidx.text.TM_MMSELConfig), (8 bytes).
    Removing ht32f5xxxx_tm.o(.text.TM_SlaveModeConfig), (14 bytes).
    Removing ht32f5xxxx_tm.o(.ARM.exidx.text.TM_SlaveModeConfig), (8 bytes).
    Removing ht32f5xxxx_tm.o(.text.TM_TimSyncCmd), (16 bytes).
    Removing ht32f5xxxx_tm.o(.ARM.exidx.text.TM_TimSyncCmd), (8 bytes).
    Removing ht32f5xxxx_tm.o(.text.TM_SetCounter), (6 bytes).
    Removing ht32f5xxxx_tm.o(.ARM.exidx.text.TM_SetCounter), (8 bytes).
    Removing ht32f5xxxx_tm.o(.text.TM_SetCounterReload), (6 bytes).
    Removing ht32f5xxxx_tm.o(.ARM.exidx.text.TM_SetCounterReload), (8 bytes).
    Removing ht32f5xxxx_tm.o(.text.TM_SetCaptureCompare), (10 bytes).
    Removing ht32f5xxxx_tm.o(.ARM.exidx.text.TM_SetCaptureCompare), (8 bytes).
    Removing ht32f5xxxx_tm.o(.text.TM_SetAsymmetricCompare), (10 bytes).
    Removing ht32f5xxxx_tm.o(.ARM.exidx.text.TM_SetAsymmetricCompare), (8 bytes).
    Removing ht32f5xxxx_tm.o(.text.TM_CKDIVConfig), (18 bytes).
    Removing ht32f5xxxx_tm.o(.ARM.exidx.text.TM_CKDIVConfig), (8 bytes).
    Removing ht32f5xxxx_tm.o(.text.TM_GetCaptureCompare), (10 bytes).
    Removing ht32f5xxxx_tm.o(.ARM.exidx.text.TM_GetCaptureCompare), (8 bytes).
    Removing ht32f5xxxx_tm.o(.text.TM_GetCounter), (6 bytes).
    Removing ht32f5xxxx_tm.o(.ARM.exidx.text.TM_GetCounter), (8 bytes).
    Removing ht32f5xxxx_tm.o(.text.TM_GetPrescaler), (6 bytes).
    Removing ht32f5xxxx_tm.o(.ARM.exidx.text.TM_GetPrescaler), (8 bytes).
    Removing ht32f5xxxx_tm.o(.text.TM_GenerateEvent), (4 bytes).
    Removing ht32f5xxxx_tm.o(.ARM.exidx.text.TM_GenerateEvent), (8 bytes).
    Removing ht32f5xxxx_tm.o(.text.TM_GetFlagStatus), (10 bytes).
    Removing ht32f5xxxx_tm.o(.ARM.exidx.text.TM_GetFlagStatus), (8 bytes).
    Removing ht32f5xxxx_tm.o(.text.TM_ClearFlag), (10 bytes).
    Removing ht32f5xxxx_tm.o(.ARM.exidx.text.TM_ClearFlag), (8 bytes).
    Removing ht32f5xxxx_tm.o(.text.TM_IntConfig), (20 bytes).
    Removing ht32f5xxxx_tm.o(.ARM.exidx.text.TM_IntConfig), (8 bytes).
    Removing ht32f5xxxx_tm.o(.text.TM_GetIntStatus), (20 bytes).
    Removing ht32f5xxxx_tm.o(.ARM.exidx.text.TM_GetIntStatus), (8 bytes).
    Removing ht32f5xxxx_tm.o(.text.TM_ClearIntPendingBit), (10 bytes).
    Removing ht32f5xxxx_tm.o(.ARM.exidx.text.TM_ClearIntPendingBit), (8 bytes).
    Removing ht32f5xxxx_tm.o(.text.TM_InternalClockConfig), (12 bytes).
    Removing ht32f5xxxx_tm.o(.ARM.exidx.text.TM_InternalClockConfig), (8 bytes).
    Removing ht32f5xxxx_tm.o(.text.TM_CHCCDSConfig), (20 bytes).
    Removing ht32f5xxxx_tm.o(.ARM.exidx.text.TM_CHCCDSConfig), (8 bytes).
    Removing ht32f5xxxx_tm.o(.text.TM_PDMAConfig), (20 bytes).
    Removing ht32f5xxxx_tm.o(.ARM.exidx.text.TM_PDMAConfig), (8 bytes).
    Removing ht32f5xxxx_usart.o(.text), (0 bytes).
    Removing ht32f5xxxx_usart.o(.text.USART_DeInit), (112 bytes).
    Removing ht32f5xxxx_usart.o(.ARM.exidx.text.USART_DeInit), (8 bytes).
    Removing ht32f5xxxx_usart.o(.text.USART_Init), (140 bytes).
    Removing ht32f5xxxx_usart.o(.ARM.exidx.text.USART_Init), (8 bytes).
    Removing ht32f5xxxx_usart.o(.text.USART_StructInit), (20 bytes).
    Removing ht32f5xxxx_usart.o(.ARM.exidx.text.USART_StructInit), (8 bytes).
    Removing ht32f5xxxx_usart.o(.text.USART_SendData), (4 bytes).
    Removing ht32f5xxxx_usart.o(.ARM.exidx.text.USART_SendData), (8 bytes).
    Removing ht32f5xxxx_usart.o(.text.USART_ReceiveData), (6 bytes).
    Removing ht32f5xxxx_usart.o(.ARM.exidx.text.USART_ReceiveData), (8 bytes).
    Removing ht32f5xxxx_usart.o(.text.USART_GetFlagStatus), (10 bytes).
    Removing ht32f5xxxx_usart.o(.ARM.exidx.text.USART_GetFlagStatus), (8 bytes).
    Removing ht32f5xxxx_usart.o(.text.USART_GetIntStatus), (10 bytes).
    Removing ht32f5xxxx_usart.o(.ARM.exidx.text.USART_GetIntStatus), (8 bytes).
    Removing ht32f5xxxx_usart.o(.text.USART_ClearFlag), (8 bytes).
    Removing ht32f5xxxx_usart.o(.ARM.exidx.text.USART_ClearFlag), (8 bytes).
    Removing ht32f5xxxx_usart.o(.text.USART_IntConfig), (20 bytes).
    Removing ht32f5xxxx_usart.o(.ARM.exidx.text.USART_IntConfig), (8 bytes).
    Removing ht32f5xxxx_usart.o(.text.USART_TxRxCmd), (24 bytes).
    Removing ht32f5xxxx_usart.o(.ARM.exidx.text.USART_TxRxCmd), (8 bytes).
    Removing ht32f5xxxx_usart.o(.text.USART_PDMACmd), (20 bytes).
    Removing ht32f5xxxx_usart.o(.ARM.exidx.text.USART_PDMACmd), (8 bytes).
    Removing ht32f5xxxx_usart.o(.text.USART_ForceBreakCmd), (20 bytes).
    Removing ht32f5xxxx_usart.o(.ARM.exidx.text.USART_ForceBreakCmd), (8 bytes).
    Removing ht32f5xxxx_usart.o(.text.USART_StickParityCmd), (26 bytes).
    Removing ht32f5xxxx_usart.o(.ARM.exidx.text.USART_StickParityCmd), (8 bytes).
    Removing ht32f5xxxx_usart.o(.text.USART_StickParityConfig), (24 bytes).
    Removing ht32f5xxxx_usart.o(.ARM.exidx.text.USART_StickParityConfig), (8 bytes).
    Removing ht32f5xxxx_usart.o(.text.USART_SetGuardTime), (16 bytes).
    Removing ht32f5xxxx_usart.o(.ARM.exidx.text.USART_SetGuardTime), (8 bytes).
    Removing ht32f5xxxx_usart.o(.text.USART_TXRXTLConfig), (18 bytes).
    Removing ht32f5xxxx_usart.o(.ARM.exidx.text.USART_TXRXTLConfig), (8 bytes).
    Removing ht32f5xxxx_usart.o(.text.USART_SetTimeOutValue), (16 bytes).
    Removing ht32f5xxxx_usart.o(.ARM.exidx.text.USART_SetTimeOutValue), (8 bytes).
    Removing ht32f5xxxx_usart.o(.text.USART_FIFOReset), (8 bytes).
    Removing ht32f5xxxx_usart.o(.ARM.exidx.text.USART_FIFOReset), (8 bytes).
    Removing ht32f5xxxx_usart.o(.text.USART_GetFIFOStatus), (20 bytes).
    Removing ht32f5xxxx_usart.o(.ARM.exidx.text.USART_GetFIFOStatus), (8 bytes).
    Removing ht32f5xxxx_usart.o(.text.USART_HardwareFlowControlCmd), (18 bytes).
    Removing ht32f5xxxx_usart.o(.ARM.exidx.text.USART_HardwareFlowControlCmd), (8 bytes).
    Removing ht32f5xxxx_usart.o(.text.USART_IrDACmd), (16 bytes).
    Removing ht32f5xxxx_usart.o(.ARM.exidx.text.USART_IrDACmd), (8 bytes).
    Removing ht32f5xxxx_usart.o(.text.USART_IrDAConfig), (22 bytes).
    Removing ht32f5xxxx_usart.o(.ARM.exidx.text.USART_IrDAConfig), (8 bytes).
    Removing ht32f5xxxx_usart.o(.text.USART_SetIrDAPrescaler), (16 bytes).
    Removing ht32f5xxxx_usart.o(.ARM.exidx.text.USART_SetIrDAPrescaler), (8 bytes).
    Removing ht32f5xxxx_usart.o(.text.USART_IrDADirectionConfig), (22 bytes).
    Removing ht32f5xxxx_usart.o(.ARM.exidx.text.USART_IrDADirectionConfig), (8 bytes).
    Removing ht32f5xxxx_usart.o(.text.USART_IrDAInvtCmd), (24 bytes).
    Removing ht32f5xxxx_usart.o(.ARM.exidx.text.USART_IrDAInvtCmd), (8 bytes).
    Removing ht32f5xxxx_usart.o(.text.USART_RS485TxEnablePolarityConfig), (20 bytes).
    Removing ht32f5xxxx_usart.o(.ARM.exidx.text.USART_RS485TxEnablePolarityConfig), (8 bytes).
    Removing ht32f5xxxx_usart.o(.text.USART_RS485NMMCmd), (18 bytes).
    Removing ht32f5xxxx_usart.o(.ARM.exidx.text.USART_RS485NMMCmd), (8 bytes).
    Removing ht32f5xxxx_usart.o(.text.USART_RS485AADCmd), (18 bytes).
    Removing ht32f5xxxx_usart.o(.ARM.exidx.text.USART_RS485AADCmd), (8 bytes).
    Removing ht32f5xxxx_usart.o(.text.USART_SetAddressMatchValue), (16 bytes).
    Removing ht32f5xxxx_usart.o(.ARM.exidx.text.USART_SetAddressMatchValue), (8 bytes).
    Removing ht32f5xxxx_usart.o(.text.USART_SynClockInit), (26 bytes).
    Removing ht32f5xxxx_usart.o(.ARM.exidx.text.USART_SynClockInit), (8 bytes).
    Removing ht32f5xxxx_usart.o(.text.USART_SynClockStructInit), (12 bytes).
    Removing ht32f5xxxx_usart.o(.ARM.exidx.text.USART_SynClockStructInit), (8 bytes).
    Removing ht32f5xxxx_wdt.o(.text), (0 bytes).
    Removing ht32f5xxxx_wdt.o(.text.WDT_DeInit), (16 bytes).
    Removing ht32f5xxxx_wdt.o(.ARM.exidx.text.WDT_DeInit), (8 bytes).
    Removing ht32f5xxxx_wdt.o(.text.WDT_Cmd), (28 bytes).
    Removing ht32f5xxxx_wdt.o(.ARM.exidx.text.WDT_Cmd), (8 bytes).
    Removing ht32f5xxxx_wdt.o(.text.WDT_HaltConfig), (24 bytes).
    Removing ht32f5xxxx_wdt.o(.ARM.exidx.text.WDT_HaltConfig), (8 bytes).
    Removing ht32f5xxxx_wdt.o(.text.WDT_ResetCmd), (28 bytes).
    Removing ht32f5xxxx_wdt.o(.ARM.exidx.text.WDT_ResetCmd), (8 bytes).
    Removing ht32f5xxxx_wdt.o(.text.WDT_ProtectCmd), (28 bytes).
    Removing ht32f5xxxx_wdt.o(.ARM.exidx.text.WDT_ProtectCmd), (8 bytes).
    Removing ht32f5xxxx_wdt.o(.text.WDT_SetReloadValue), (20 bytes).
    Removing ht32f5xxxx_wdt.o(.ARM.exidx.text.WDT_SetReloadValue), (8 bytes).
    Removing ht32f5xxxx_wdt.o(.text.WDT_GetReloadValue), (20 bytes).
    Removing ht32f5xxxx_wdt.o(.ARM.exidx.text.WDT_GetReloadValue), (8 bytes).
    Removing ht32f5xxxx_wdt.o(.text.WDT_SetDeltaValue), (20 bytes).
    Removing ht32f5xxxx_wdt.o(.ARM.exidx.text.WDT_SetDeltaValue), (8 bytes).
    Removing ht32f5xxxx_wdt.o(.text.WDT_GetDeltaValue), (20 bytes).
    Removing ht32f5xxxx_wdt.o(.ARM.exidx.text.WDT_GetDeltaValue), (8 bytes).
    Removing ht32f5xxxx_wdt.o(.text.WDT_SetPrescaler), (24 bytes).
    Removing ht32f5xxxx_wdt.o(.ARM.exidx.text.WDT_SetPrescaler), (8 bytes).
    Removing ht32f5xxxx_wdt.o(.text.WDT_GetPrescaler), (20 bytes).
    Removing ht32f5xxxx_wdt.o(.ARM.exidx.text.WDT_GetPrescaler), (8 bytes).
    Removing ht32f5xxxx_wdt.o(.text.WDT_Restart), (16 bytes).
    Removing ht32f5xxxx_wdt.o(.ARM.exidx.text.WDT_Restart), (8 bytes).
    Removing ht32f5xxxx_wdt.o(.text.WDT_GetFlagStatus), (16 bytes).
    Removing ht32f5xxxx_wdt.o(.ARM.exidx.text.WDT_GetFlagStatus), (8 bytes).
    Removing ht32f5xxxx_wdt.o(.text.WDT_LockCmd), (36 bytes).
    Removing ht32f5xxxx_wdt.o(.ARM.exidx.text.WDT_LockCmd), (8 bytes).
    Removing ht32f5xxxx_wdt.o(.text.WDT_SourceConfig), (16 bytes).
    Removing ht32f5xxxx_wdt.o(.ARM.exidx.text.WDT_SourceConfig), (8 bytes).
    Removing ht32_retarget.o(.text), (0 bytes).
    Removing ht32_retarget.o(.text.RETARGET_Configuration), (32 bytes).
    Removing ht32_retarget.o(.ARM.exidx.text.RETARGET_Configuration), (8 bytes).
    Removing ht32_retarget.o(.text.__backspace), (4 bytes).
    Removing ht32_retarget.o(.ARM.exidx.text.__backspace), (8 bytes).
    Removing ht32_retarget.o(.text.fputc), (8 bytes).
    Removing ht32_retarget.o(.ARM.exidx.text.fputc), (8 bytes).
    Removing ht32_retarget.o(.text.fgetc), (8 bytes).
    Removing ht32_retarget.o(.ARM.exidx.text.fgetc), (8 bytes).
    Removing ht32_retarget.o(.text._ttywrch), (8 bytes).
    Removing ht32_retarget.o(.ARM.exidx.text._ttywrch), (8 bytes).
    Removing ht32_retarget.o(.text._sys_exit), (2 bytes).
    Removing ht32_retarget.o(.ARM.exidx.text._sys_exit), (8 bytes).
    Removing ht32_serial.o(.text), (0 bytes).
    Removing ht32_serial.o(.text.SERIAL_PutChar), (20 bytes).
    Removing ht32_serial.o(.ARM.exidx.text.SERIAL_PutChar), (8 bytes).
    Removing ht32_serial.o(.text.SERIAL_GetChar), (28 bytes).
    Removing ht32_serial.o(.ARM.exidx.text.SERIAL_GetChar), (8 bytes).
    Removing ht32_board.o(.text), (0 bytes).
    Removing ht32_board.o(.ARM.exidx.text.HT32F_DVB_LEDInit), (8 bytes).
    Removing ht32_board.o(.ARM.exidx.text._HT32F_DVB_ClockConfig), (8 bytes).
    Removing ht32_board.o(.ARM.exidx.text.HT32F_DVB_LEDOff), (8 bytes).
    Removing ht32_board.o(.ARM.exidx.text.HT32F_DVB_LEDOn), (8 bytes).
    Removing ht32_board.o(.text.HT32F_DVB_LEDToggle), (36 bytes).
    Removing ht32_board.o(.ARM.exidx.text.HT32F_DVB_LEDToggle), (8 bytes).
    Removing ht32_board.o(.text.HT32F_DVB_PBInit), (180 bytes).
    Removing ht32_board.o(.ARM.exidx.text.HT32F_DVB_PBInit), (8 bytes).
    Removing ht32_board.o(.text.__NVIC_EnableIRQ), (24 bytes).
    Removing ht32_board.o(.ARM.exidx.text.__NVIC_EnableIRQ), (8 bytes).
    Removing ht32_board.o(.text.HT32F_DVB_PBGetState), (36 bytes).
    Removing ht32_board.o(.ARM.exidx.text.HT32F_DVB_PBGetState), (8 bytes).
    Removing ht32_board.o(.text.HT32F_DVB_COMInit), (84 bytes).
    Removing ht32_board.o(.ARM.exidx.text.HT32F_DVB_COMInit), (8 bytes).
    Removing ht32_board.o(.text.HT32F_DVB_BuzzerFun), (272 bytes).
    Removing ht32_board.o(.ARM.exidx.text.HT32F_DVB_BuzzerFun), (8 bytes).
    Removing ht32_board.o(.text.HT32F_DVB_BuzzerOutputCmd), (20 bytes).
    Removing ht32_board.o(.ARM.exidx.text.HT32F_DVB_BuzzerOutputCmd), (8 bytes).
    Removing ht32_board.o(.rodata.BUTTON_GPIO_ID), (3 bytes).
    Removing ht32_board.o(.rodata.BUTTON_GPIO_PIN), (6 bytes).
    Removing ht32_board.o(.rodata.BUTTON_AFIO_MODE), (3 bytes).
    Removing ht32_board.o(.rodata.BUTTON_GPIO_PINNum), (3 bytes).
    Removing ht32_board.o(.rodata.gCOMInfo), (16 bytes).
    Removing i2c_eeprom.o(.text), (0 bytes).
    Removing i2c_eeprom.o(.text.I2C_EEPROM_Init), (84 bytes).
    Removing i2c_eeprom.o(.ARM.exidx.text.I2C_EEPROM_Init), (8 bytes).
    Removing i2c_eeprom.o(.text.I2C_EEPROM_PageWrite), (100 bytes).
    Removing i2c_eeprom.o(.ARM.exidx.text.I2C_EEPROM_PageWrite), (8 bytes).
    Removing i2c_eeprom.o(.text._I2C_EEPROM_AckPolling), (56 bytes).
    Removing i2c_eeprom.o(.ARM.exidx.text._I2C_EEPROM_AckPolling), (8 bytes).
    Removing i2c_eeprom.o(.text.I2C_EEPROM_BufferWrite), (58 bytes).
    Removing i2c_eeprom.o(.ARM.exidx.text.I2C_EEPROM_BufferWrite), (8 bytes).
    Removing i2c_eeprom.o(.text.I2C_EEPROM_BufferRead), (156 bytes).
    Removing i2c_eeprom.o(.ARM.exidx.text.I2C_EEPROM_BufferRead), (8 bytes).
    Removing spi_flash.o(.text), (0 bytes).
    Removing spi_flash.o(.text.SPI_FLASH_Init), (152 bytes).
    Removing spi_flash.o(.ARM.exidx.text.SPI_FLASH_Init), (8 bytes).
    Removing spi_flash.o(.text.SPI_FLASH_SectorErase), (72 bytes).
    Removing spi_flash.o(.ARM.exidx.text.SPI_FLASH_SectorErase), (8 bytes).
    Removing spi_flash.o(.text.SPI_FLASH_WriteEnable), (40 bytes).
    Removing spi_flash.o(.ARM.exidx.text.SPI_FLASH_WriteEnable), (8 bytes).
    Removing spi_flash.o(.text.SPI_FLASH_SendByte), (52 bytes).
    Removing spi_flash.o(.ARM.exidx.text.SPI_FLASH_SendByte), (8 bytes).
    Removing spi_flash.o(.text.SPI_FLASH_WaitForWriteEnd), (52 bytes).
    Removing spi_flash.o(.ARM.exidx.text.SPI_FLASH_WaitForWriteEnd), (8 bytes).
    Removing spi_flash.o(.text.SPI_FLASH_BlockErase), (72 bytes).
    Removing spi_flash.o(.ARM.exidx.text.SPI_FLASH_BlockErase), (8 bytes).
    Removing spi_flash.o(.text.SPI_FLASH_ChipErase), (48 bytes).
    Removing spi_flash.o(.ARM.exidx.text.SPI_FLASH_ChipErase), (8 bytes).
    Removing spi_flash.o(.text.SPI_FLASH_PageWriteByDMA), (284 bytes).
    Removing spi_flash.o(.ARM.exidx.text.SPI_FLASH_PageWriteByDMA), (8 bytes).
    Removing spi_flash.o(.text.SPI_FLASH_PageWrite), (96 bytes).
    Removing spi_flash.o(.ARM.exidx.text.SPI_FLASH_PageWrite), (8 bytes).
    Removing spi_flash.o(.text.SPI_FLASH_BufferWriteBy), (208 bytes).
    Removing spi_flash.o(.ARM.exidx.text.SPI_FLASH_BufferWriteBy), (8 bytes).
    Removing spi_flash.o(.text.SPI_FLASH_BufferReadByDMA), (284 bytes).
    Removing spi_flash.o(.ARM.exidx.text.SPI_FLASH_BufferReadByDMA), (8 bytes).
    Removing spi_flash.o(.text.SPI_FLASH_BufferRead), (88 bytes).
    Removing spi_flash.o(.ARM.exidx.text.SPI_FLASH_BufferRead), (8 bytes).
    Removing spi_flash.o(.text.SPI_FLASH_BufferDualRead), (116 bytes).
    Removing spi_flash.o(.ARM.exidx.text.SPI_FLASH_BufferDualRead), (8 bytes).
    Removing spi_flash.o(.text.SPI_FLASH_BufferDualReadByDMA), (316 bytes).
    Removing spi_flash.o(.ARM.exidx.text.SPI_FLASH_BufferDualReadByDMA), (8 bytes).
    Removing spi_flash.o(.text.SPI_FLASH_ReadJEDECID), (80 bytes).
    Removing spi_flash.o(.ARM.exidx.text.SPI_FLASH_ReadJEDECID), (8 bytes).
    Removing spi_flash.o(.text.SPI_FLASH_WriteStatus), (60 bytes).
    Removing spi_flash.o(.ARM.exidx.text.SPI_FLASH_WriteStatus), (8 bytes).
    Removing spi_flash.o(.text.SPI_FLASH_WriteDisable), (40 bytes).
    Removing spi_flash.o(.ARM.exidx.text.SPI_FLASH_WriteDisable), (8 bytes).
    Removing spi_lcd.o(.text), (0 bytes).
    Removing spi_lcd.o(.text.LCD_Init), (224 bytes).
    Removing spi_lcd.o(.ARM.exidx.text.LCD_Init), (8 bytes).
    Removing spi_lcd.o(.text.LCD_Config), (692 bytes).
    Removing spi_lcd.o(.ARM.exidx.text.LCD_Config), (8 bytes).
    Removing spi_lcd.o(.text._delay), (36 bytes).
    Removing spi_lcd.o(.ARM.exidx.text._delay), (8 bytes).
    Removing spi_lcd.o(.text.LCD_WriteReg), (124 bytes).
    Removing spi_lcd.o(.ARM.exidx.text.LCD_WriteReg), (8 bytes).
    Removing spi_lcd.o(.text.LCD_Clear), (36 bytes).
    Removing spi_lcd.o(.ARM.exidx.text.LCD_Clear), (8 bytes).
    Removing spi_lcd.o(.text.LCD_WriteRegIndex), (100 bytes).
    Removing spi_lcd.o(.ARM.exidx.text.LCD_WriteRegIndex), (8 bytes).
    Removing spi_lcd.o(.text.LCD_StarterSet), (44 bytes).
    Removing spi_lcd.o(.ARM.exidx.text.LCD_StarterSet), (8 bytes).
    Removing spi_lcd.o(.text.LCD_WriteRAMPrior), (10 bytes).
    Removing spi_lcd.o(.ARM.exidx.text.LCD_WriteRAMPrior), (8 bytes).
    Removing spi_lcd.o(.text.LCD_WriteRAM), (120 bytes).
    Removing spi_lcd.o(.ARM.exidx.text.LCD_WriteRAM), (8 bytes).
    Removing spi_lcd.o(.text.LCD_BackColorSet), (12 bytes).
    Removing spi_lcd.o(.ARM.exidx.text.LCD_BackColorSet), (8 bytes).
    Removing spi_lcd.o(.text.LCD_TextColorSet), (12 bytes).
    Removing spi_lcd.o(.ARM.exidx.text.LCD_TextColorSet), (8 bytes).
    Removing spi_lcd.o(.text.LCD_CharDisplay), (28 bytes).
    Removing spi_lcd.o(.ARM.exidx.text.LCD_CharDisplay), (8 bytes).
    Removing spi_lcd.o(.text.LCD_CharDraw), (96 bytes).
    Removing spi_lcd.o(.ARM.exidx.text.LCD_CharDraw), (8 bytes).
    Removing spi_lcd.o(.text.LCD_DisplayOff), (12 bytes).
    Removing spi_lcd.o(.ARM.exidx.text.LCD_DisplayOff), (8 bytes).
    Removing spi_lcd.o(.text.LCD_DisplayOn), (12 bytes).
    Removing spi_lcd.o(.ARM.exidx.text.LCD_DisplayOn), (8 bytes).
    Removing spi_lcd.o(.text.LCD_StringLineDisplay), (46 bytes).
    Removing spi_lcd.o(.ARM.exidx.text.LCD_StringLineDisplay), (8 bytes).
    Removing spi_lcd.o(.text.LCD_LineDraw), (88 bytes).
    Removing spi_lcd.o(.ARM.exidx.text.LCD_LineDraw), (8 bytes).
    Removing spi_lcd.o(.text.LCD_WriteRAMWord), (16 bytes).
    Removing spi_lcd.o(.ARM.exidx.text.LCD_WriteRAMWord), (8 bytes).
    Removing spi_lcd.o(.text.LCD_CircleDraw), (240 bytes).
    Removing spi_lcd.o(.ARM.exidx.text.LCD_CircleDraw), (8 bytes).
    Removing spi_lcd.o(.text.LCD_RectDraw), (70 bytes).
    Removing spi_lcd.o(.ARM.exidx.text.LCD_RectDraw), (8 bytes).
    Removing spi_lcd.o(.text.LCD_PicDraw), (100 bytes).
    Removing spi_lcd.o(.ARM.exidx.text.LCD_PicDraw), (8 bytes).
    Removing spi_lcd.o(.text.LCD_SetDisplayArea), (92 bytes).
    Removing spi_lcd.o(.ARM.exidx.text.LCD_SetDisplayArea), (8 bytes).
    Removing spi_lcd.o(.text.LCD_ReadReg), (152 bytes).
    Removing spi_lcd.o(.ARM.exidx.text.LCD_ReadReg), (8 bytes).
    Removing spi_lcd.o(.rodata.ASCII_Font_Table), (4560 bytes).
    Removing spi_lcd.o(.data.Color_Back), (2 bytes).
    Removing spi_lcd.o(.bss.Color_Text), (2 bytes).

959 unused section(s) (total 24235 bytes) removed from the image.

==============================================================================

Image Symbol Table

    Local Symbols

    Symbol Name                              Value     Ov Type        Size  Object(Section)

    ../clib/division.s                       0x00000000   Number         0  aeabi_sdivfast.o ABSOLUTE
    ../clib/division.s                       0x00000000   Number         0  aeabi_sdivfast_div0.o ABSOLUTE
    ../clib/microlib/division.c              0x00000000   Number         0  uidiv.o ABSOLUTE
    ../clib/microlib/division.c              0x00000000   Number         0  uidiv_div0.o ABSOLUTE
    ../clib/microlib/division.c              0x00000000   Number         0  idiv_div0.o ABSOLUTE
    ../clib/microlib/division.c              0x00000000   Number         0  idiv0.o ABSOLUTE
    ../clib/microlib/init/entry.s            0x00000000   Number         0  entry.o ABSOLUTE
    ../clib/microlib/init/entry.s            0x00000000   Number         0  entry2.o ABSOLUTE
    ../clib/microlib/init/entry.s            0x00000000   Number         0  entry5.o ABSOLUTE
    ../clib/microlib/init/entry.s            0x00000000   Number         0  entry7a.o ABSOLUTE
    ../clib/microlib/init/entry.s            0x00000000   Number         0  entry7b.o ABSOLUTE
    ../clib/microlib/init/entry.s            0x00000000   Number         0  entry8a.o ABSOLUTE
    ../clib/microlib/init/entry.s            0x00000000   Number         0  entry8b.o ABSOLUTE
    ../clib/microlib/init/entry.s            0x00000000   Number         0  entry9a.o ABSOLUTE
    ../clib/microlib/init/entry.s            0x00000000   Number         0  entry9b.o ABSOLUTE
    ../clib/microlib/init/entry.s            0x00000000   Number         0  entry10a.o ABSOLUTE
    ../clib/microlib/init/entry.s            0x00000000   Number         0  entry10b.o ABSOLUTE
    ../clib/microlib/init/entry.s            0x00000000   Number         0  entry11a.o ABSOLUTE
    ../clib/microlib/init/entry.s            0x00000000   Number         0  entry11b.o ABSOLUTE
    ../clib/microlib/string/memset.c         0x00000000   Number         0  memseta.o ABSOLUTE
    dc.s                                     0x00000000   Number         0  dc.o ABSOLUTE
    handlers.s                               0x00000000   Number         0  handlers.o ABSOLUTE
    ht32_board.c                             0x00000000   Number         0  ht32_board.o ABSOLUTE
    ht32_cm0plus_misc.c                      0x00000000   Number         0  ht32_cm0plus_misc.o ABSOLUTE
    ht32_op.s                                0x00000000   Number         0  ht32_op.o ABSOLUTE
    ht32_retarget.c                          0x00000000   Number         0  ht32_retarget.o ABSOLUTE
    ht32_serial.c                            0x00000000   Number         0  ht32_serial.o ABSOLUTE
    ht32f5xxxx_01_it.c                       0x00000000   Number         0  ht32f5xxxx_01_it.o ABSOLUTE
    ht32f5xxxx_adc.c                         0x00000000   Number         0  ht32f5xxxx_adc.o ABSOLUTE
    ht32f5xxxx_bftm.c                        0x00000000   Number         0  ht32f5xxxx_bftm.o ABSOLUTE
    ht32f5xxxx_ckcu.c                        0x00000000   Number         0  ht32f5xxxx_ckcu.o ABSOLUTE
    ht32f5xxxx_cmp.c                         0x00000000   Number         0  ht32f5xxxx_cmp.o ABSOLUTE
    ht32f5xxxx_crc.c                         0x00000000   Number         0  ht32f5xxxx_crc.o ABSOLUTE
    ht32f5xxxx_div.c                         0x00000000   Number         0  ht32f5xxxx_div.o ABSOLUTE
    ht32f5xxxx_exti.c                        0x00000000   Number         0  ht32f5xxxx_exti.o ABSOLUTE
    ht32f5xxxx_flash.c                       0x00000000   Number         0  ht32f5xxxx_flash.o ABSOLUTE
    ht32f5xxxx_gpio.c                        0x00000000   Number         0  ht32f5xxxx_gpio.o ABSOLUTE
    ht32f5xxxx_i2c.c                         0x00000000   Number         0  ht32f5xxxx_i2c.o ABSOLUTE
    ht32f5xxxx_ledc.c                        0x00000000   Number         0  ht32f5xxxx_ledc.o ABSOLUTE
    ht32f5xxxx_mctm.c                        0x00000000   Number         0  ht32f5xxxx_mctm.o ABSOLUTE
    ht32f5xxxx_pdma.c                        0x00000000   Number         0  ht32f5xxxx_pdma.o ABSOLUTE
    ht32f5xxxx_pwrcu.c                       0x00000000   Number         0  ht32f5xxxx_pwrcu.o ABSOLUTE
    ht32f5xxxx_rstcu.c                       0x00000000   Number         0  ht32f5xxxx_rstcu.o ABSOLUTE
    ht32f5xxxx_rtc.c                         0x00000000   Number         0  ht32f5xxxx_rtc.o ABSOLUTE
    ht32f5xxxx_spi.c                         0x00000000   Number         0  ht32f5xxxx_spi.o ABSOLUTE
    ht32f5xxxx_tkey.c                        0x00000000   Number         0  ht32f5xxxx_tkey.o ABSOLUTE
    ht32f5xxxx_tm.c                          0x00000000   Number         0  ht32f5xxxx_tm.o ABSOLUTE
    ht32f5xxxx_usart.c                       0x00000000   Number         0  ht32f5xxxx_usart.o ABSOLUTE
    ht32f5xxxx_wdt.c                         0x00000000   Number         0  ht32f5xxxx_wdt.o ABSOLUTE
    i2c_eeprom.c                             0x00000000   Number         0  i2c_eeprom.o ABSOLUTE
    init.s                                   0x00000000   Number         0  init.o ABSOLUTE
    main.c                                   0x00000000   Number         0  main.o ABSOLUTE
    spi_flash.c                              0x00000000   Number         0  spi_flash.o ABSOLUTE
    spi_lcd.c                                0x00000000   Number         0  spi_lcd.o ABSOLUTE
    startup_ht32f5xxxx_09.s                  0x00000000   Number         0  startup_ht32f5xxxx_09.o ABSOLUTE
    system_ht32f5xxxx_09.c                   0x00000000   Number         0  system_ht32f5xxxx_09.o ABSOLUTE
    RESET                                    0x00000000   Section      356  startup_ht32f5xxxx_09.o(RESET)
    BootProcess                              0x000000cd   Thumb Code    94  startup_ht32f5xxxx_09.o(RESET)
    .ARM.Collect$$$$00000000                 0x00000164   Section        0  entry.o(.ARM.Collect$$$$00000000)
    .ARM.Collect$$$$00000001                 0x00000164   Section        4  entry2.o(.ARM.Collect$$$$00000001)
    .ARM.Collect$$$$00000004                 0x00000168   Section        4  entry5.o(.ARM.Collect$$$$00000004)
    .ARM.Collect$$$$00000008                 0x0000016c   Section        0  entry7b.o(.ARM.Collect$$$$00000008)
    .ARM.Collect$$$$0000000A                 0x0000016c   Section        0  entry8b.o(.ARM.Collect$$$$0000000A)
    .ARM.Collect$$$$0000000B                 0x0000016c   Section        8  entry9a.o(.ARM.Collect$$$$0000000B)
    __lit__00000000                          0x00000174   Data           4  entry2.o(.ARM.Collect$$$$00002712)
    .ARM.Collect$$$$0000000D                 0x00000174   Section        0  entry10a.o(.ARM.Collect$$$$0000000D)
    .ARM.Collect$$$$0000000F                 0x00000174   Section        0  entry11a.o(.ARM.Collect$$$$0000000F)
    .ARM.Collect$$$$00002712                 0x00000174   Section        4  entry2.o(.ARM.Collect$$$$00002712)
    .text                                    0x00000178   Section        0  uidiv_div0.o(.text)
    .text                                    0x000001b8   Section       36  init.o(.text)
    [Anonymous Symbol]                       0x000001dc   Section        0  ht32f5xxxx_gpio.o(.text.AFIO_GPxConfig)
    __arm_cp.19_0                            0x00000240   Number         4  ht32f5xxxx_gpio.o(.text.AFIO_GPxConfig)
    [Anonymous Symbol]                       0x00000244   Section        0  ht32f5xxxx_ckcu.o(.text.CKCU_GetClocksFrequency)
    __arm_cp.12_0                            0x00000290   Number         4  ht32f5xxxx_ckcu.o(.text.CKCU_GetClocksFrequency)
    [Anonymous Symbol]                       0x00000294   Section        0  ht32f5xxxx_ckcu.o(.text.CKCU_GetPLLFrequency)
    __arm_cp.13_0                            0x000002d0   Number         4  ht32f5xxxx_ckcu.o(.text.CKCU_GetPLLFrequency)
    __arm_cp.13_1                            0x000002d4   Number         4  ht32f5xxxx_ckcu.o(.text.CKCU_GetPLLFrequency)
    [Anonymous Symbol]                       0x000002d8   Section        0  ht32f5xxxx_ckcu.o(.text.CKCU_GetPeripFrequency)
    __arm_cp.15_0                            0x00000308   Number         4  ht32f5xxxx_ckcu.o(.text.CKCU_GetPeripFrequency)
    [Anonymous Symbol]                       0x0000030c   Section        0  ht32f5xxxx_ckcu.o(.text.CKCU_PeripClockConfig)
    __arm_cp.28_0                            0x00000340   Number         4  ht32f5xxxx_ckcu.o(.text.CKCU_PeripClockConfig)
    [Anonymous Symbol]                       0x00000344   Section        0  main.o(.text.CmpBuffer)
    [Anonymous Symbol]                       0x00000366   Section        0  ht32f5xxxx_gpio.o(.text.GPIO_DirectionConfig)
    [Anonymous Symbol]                       0x0000037a   Section        0  ht32f5xxxx_gpio.o(.text.GPIO_DriveConfig)
    [Anonymous Symbol]                       0x000003ac   Section        0  ht32f5xxxx_gpio.o(.text.GPIO_PullResistorConfig)
    [Anonymous Symbol]                       0x000003d4   Section        0  ht32_board.o(.text.HT32F_DVB_LEDInit)
    __arm_cp.0_1                             0x00000424   Number         4  ht32_board.o(.text.HT32F_DVB_LEDInit)
    [Anonymous Symbol]                       0x00000428   Section        0  ht32_board.o(.text.HT32F_DVB_LEDOff)
    [Anonymous Symbol]                       0x0000043c   Section        0  ht32_board.o(.text.HT32F_DVB_LEDOn)
    __arm_cp.3_0                             0x00000450   Number         4  ht32_board.o(.text.HT32F_DVB_LEDOn)
    __arm_cp.3_1                             0x00000454   Number         4  ht32_board.o(.text.HT32F_DVB_LEDOn)
    __arm_cp.3_2                             0x00000458   Number         4  ht32_board.o(.text.HT32F_DVB_LEDOn)
    [Anonymous Symbol]                       0x0000045c   Section        0  ht32f5xxxx_01_it.o(.text.HardFault_Handler)
    __arm_cp.1_0                             0x00000468   Number         4  ht32f5xxxx_01_it.o(.text.HardFault_Handler)
    [Anonymous Symbol]                       0x0000046c   Section        0  ht32f5xxxx_i2c.o(.text.I2C_CheckStatus)
    [Anonymous Symbol]                       0x00000476   Section        0  ht32f5xxxx_i2c.o(.text.I2C_ClearFlag)
    [Anonymous Symbol]                       0x0000047a   Section        0  ht32f5xxxx_i2c.o(.text.I2C_Cmd)
    [Anonymous Symbol]                       0x0000048c   Section        0  main.o(.text.I2C_Configuration)
    __arm_cp.1_0                             0x000004d4   Number         4  main.o(.text.I2C_Configuration)
    [Anonymous Symbol]                       0x000004d8   Section        0  ht32f5xxxx_i2c.o(.text.I2C_Init)
    __arm_cp.1_0                             0x00000584   Number         4  ht32f5xxxx_i2c.o(.text.I2C_Init)
    __arm_cp.1_1                             0x00000588   Number         4  ht32f5xxxx_i2c.o(.text.I2C_Init)
    [Anonymous Symbol]                       0x0000058c   Section        0  ht32f5xxxx_i2c.o(.text.I2C_ReceiveData)
    [Anonymous Symbol]                       0x00000592   Section        0  ht32f5xxxx_i2c.o(.text.I2C_SendData)
    [Anonymous Symbol]                       0x00000598   Section        0  main.o(.text.I2C_Slave_Receiver)
    __arm_cp.2_1                             0x000005e4   Number         4  main.o(.text.I2C_Slave_Receiver)
    __arm_cp.2_2                             0x000005e8   Number         4  main.o(.text.I2C_Slave_Receiver)
    [Anonymous Symbol]                       0x000005ec   Section        0  main.o(.text.I2C_Slave_Transmitter)
    __arm_cp.3_0                             0x0000065c   Number         4  main.o(.text.I2C_Slave_Transmitter)
    __arm_cp.3_1                             0x00000660   Number         4  main.o(.text.I2C_Slave_Transmitter)
    __arm_cp.3_2                             0x00000664   Number         4  main.o(.text.I2C_Slave_Transmitter)
    __arm_cp.3_3                             0x00000668   Number         4  main.o(.text.I2C_Slave_Transmitter)
    [Anonymous Symbol]                       0x0000066c   Section        0  ht32f5xxxx_01_it.o(.text.NMI_Handler)
    [Anonymous Symbol]                       0x0000066e   Section        0  ht32f5xxxx_01_it.o(.text.PendSV_Handler)
    [Anonymous Symbol]                       0x00000670   Section        0  ht32f5xxxx_01_it.o(.text.SVC_Handler)
    [Anonymous Symbol]                       0x00000672   Section        0  ht32f5xxxx_01_it.o(.text.SysTick_Handler)
    [Anonymous Symbol]                       0x00000674   Section        0  system_ht32f5xxxx_09.o(.text.SystemInit)
    __arm_cp.0_0                             0x00000750   Number         4  system_ht32f5xxxx_09.o(.text.SystemInit)
    __arm_cp.0_1                             0x00000754   Number         4  system_ht32f5xxxx_09.o(.text.SystemInit)
    __arm_cp.0_2                             0x00000758   Number         4  system_ht32f5xxxx_09.o(.text.SystemInit)
    _HT32F_DVB_ClockConfig                   0x0000075d   Thumb Code    56  ht32_board.o(.text._HT32F_DVB_ClockConfig)
    [Anonymous Symbol]                       0x0000075c   Section        0  ht32_board.o(.text._HT32F_DVB_ClockConfig)
    [Anonymous Symbol]                       0x00000794   Section        0  main.o(.text.main)
    i.__scatterload_copy                     0x000007ae   Section       14  handlers.o(i.__scatterload_copy)
    i.__scatterload_null                     0x000007bc   Section        2  handlers.o(i.__scatterload_null)
    i.__scatterload_zeroinit                 0x000007be   Section       14  handlers.o(i.__scatterload_zeroinit)
    HardFault_Handler.gIsContinue            0x20000008   Data           4  ht32f5xxxx_01_it.o(.bss.HardFault_Handler.gIsContinue)
    [Anonymous Symbol]                       0x20000008   Section        0  ht32f5xxxx_01_it.o(.bss.HardFault_Handler.gIsContinue)
    STACK                                    0x20000018   Section      512  startup_ht32f5xxxx_09.o(STACK)

    Global Symbols

    Symbol Name                              Value     Ov Type        Size  Object(Section)

    BuildAttributes$$THM_ISAv3M$S$PE$A:L22$X:L11$S22$IEEE1$IW$~IW$USESV6$~STKCKD$USESV7$~SHL$OTIME$EBA8$MICROLIB$REQ8$PRES8$EABIv2 0x00000000   Number         0  anon$$obj.o ABSOLUTE
    __Vectors                                0x00000000   Data           0  startup_ht32f5xxxx_09.o(RESET)
    __cpp_initialize__aeabi_                  - Undefined Weak Reference
    __cxa_finalize                            - Undefined Weak Reference
    __decompress                              - Undefined Weak Reference
    _clock_init                               - Undefined Weak Reference
    _microlib_exit                            - Undefined Weak Reference
    Reset_Handler                            0x000000c1   Thumb Code    12  startup_ht32f5xxxx_09.o(RESET)
    ADC_IRQHandler                           0x00000135   Thumb Code     0  startup_ht32f5xxxx_09.o(RESET)
    BFTM0_IRQHandler                         0x00000135   Thumb Code     0  startup_ht32f5xxxx_09.o(RESET)
    BFTM1_IRQHandler                         0x00000135   Thumb Code     0  startup_ht32f5xxxx_09.o(RESET)
    COMP_IRQHandler                          0x00000135   Thumb Code     0  startup_ht32f5xxxx_09.o(RESET)
    EVWUP_IRQHandler                         0x00000135   Thumb Code     0  startup_ht32f5xxxx_09.o(RESET)
    EXTI0_1_IRQHandler                       0x00000135   Thumb Code     0  startup_ht32f5xxxx_09.o(RESET)
    EXTI2_3_IRQHandler                       0x00000135   Thumb Code     0  startup_ht32f5xxxx_09.o(RESET)
    EXTI4_15_IRQHandler                      0x00000135   Thumb Code     0  startup_ht32f5xxxx_09.o(RESET)
    FLASH_IRQHandler                         0x00000135   Thumb Code     0  startup_ht32f5xxxx_09.o(RESET)
    GPTM0_IRQHandler                         0x00000135   Thumb Code     0  startup_ht32f5xxxx_09.o(RESET)
    I2C0_IRQHandler                          0x00000135   Thumb Code     0  startup_ht32f5xxxx_09.o(RESET)
    I2C1_IRQHandler                          0x00000135   Thumb Code     0  startup_ht32f5xxxx_09.o(RESET)
    I2C2_IRQHandler                          0x00000135   Thumb Code     0  startup_ht32f5xxxx_09.o(RESET)
    LEDC_IRQHandler                          0x00000135   Thumb Code     0  startup_ht32f5xxxx_09.o(RESET)
    LVD_BOD_IRQHandler                       0x00000135   Thumb Code     0  startup_ht32f5xxxx_09.o(RESET)
    MCTM0_IRQHandler                         0x00000135   Thumb Code     0  startup_ht32f5xxxx_09.o(RESET)
    PDMA_CH0_1_IRQHandler                    0x00000135   Thumb Code     0  startup_ht32f5xxxx_09.o(RESET)
    PDMA_CH2_5_IRQHandler                    0x00000135   Thumb Code     0  startup_ht32f5xxxx_09.o(RESET)
    RTC_IRQHandler                           0x00000135   Thumb Code     0  startup_ht32f5xxxx_09.o(RESET)
    SCTM0_IRQHandler                         0x00000135   Thumb Code     0  startup_ht32f5xxxx_09.o(RESET)
    SCTM1_IRQHandler                         0x00000135   Thumb Code     0  startup_ht32f5xxxx_09.o(RESET)
    SCTM2_IRQHandler                         0x00000135   Thumb Code     0  startup_ht32f5xxxx_09.o(RESET)
    SCTM3_IRQHandler                         0x00000135   Thumb Code     0  startup_ht32f5xxxx_09.o(RESET)
    SPI0_IRQHandler                          0x00000135   Thumb Code     0  startup_ht32f5xxxx_09.o(RESET)
    SPI1_IRQHandler                          0x00000135   Thumb Code     0  startup_ht32f5xxxx_09.o(RESET)
    TKEY_IRQHandler                          0x00000135   Thumb Code     0  startup_ht32f5xxxx_09.o(RESET)
    UART0_IRQHandler                         0x00000135   Thumb Code     0  startup_ht32f5xxxx_09.o(RESET)
    UART1_IRQHandler                         0x00000135   Thumb Code     0  startup_ht32f5xxxx_09.o(RESET)
    UART2_IRQHandler                         0x00000135   Thumb Code     0  startup_ht32f5xxxx_09.o(RESET)
    UART3_IRQHandler                         0x00000135   Thumb Code     0  startup_ht32f5xxxx_09.o(RESET)
    USART0_IRQHandler                        0x00000135   Thumb Code     0  startup_ht32f5xxxx_09.o(RESET)
    USART1_IRQHandler                        0x00000135   Thumb Code     0  startup_ht32f5xxxx_09.o(RESET)
    __main                                   0x00000165   Thumb Code     0  entry.o(.ARM.Collect$$$$00000000)
    _main_stk                                0x00000165   Thumb Code     0  entry2.o(.ARM.Collect$$$$00000001)
    _main_scatterload                        0x00000169   Thumb Code     0  entry5.o(.ARM.Collect$$$$00000004)
    __main_after_scatterload                 0x0000016d   Thumb Code     0  entry5.o(.ARM.Collect$$$$00000004)
    _main_clock                              0x0000016d   Thumb Code     0  entry7b.o(.ARM.Collect$$$$00000008)
    _main_cpp_init                           0x0000016d   Thumb Code     0  entry8b.o(.ARM.Collect$$$$0000000A)
    _main_init                               0x0000016d   Thumb Code     0  entry9a.o(.ARM.Collect$$$$0000000B)
    __rt_final_cpp                           0x00000175   Thumb Code     0  entry10a.o(.ARM.Collect$$$$0000000D)
    __rt_final_exit                          0x00000175   Thumb Code     0  entry11a.o(.ARM.Collect$$$$0000000F)
    __aeabi_uidiv                            0x00000179   Thumb Code     0  uidiv_div0.o(.text)
    __aeabi_uidivmod                         0x00000179   Thumb Code    62  uidiv_div0.o(.text)
    __scatterload                            0x000001b9   Thumb Code    28  init.o(.text)
    __scatterload_rt2                        0x000001b9   Thumb Code     0  init.o(.text)
    AFIO_GPxConfig                           0x000001dd   Thumb Code   100  ht32f5xxxx_gpio.o(.text.AFIO_GPxConfig)
    CKCU_GetClocksFrequency                  0x00000245   Thumb Code    76  ht32f5xxxx_ckcu.o(.text.CKCU_GetClocksFrequency)
    CKCU_GetPLLFrequency                     0x00000295   Thumb Code    60  ht32f5xxxx_ckcu.o(.text.CKCU_GetPLLFrequency)
    CKCU_GetPeripFrequency                   0x000002d9   Thumb Code    48  ht32f5xxxx_ckcu.o(.text.CKCU_GetPeripFrequency)
    CKCU_PeripClockConfig                    0x0000030d   Thumb Code    52  ht32f5xxxx_ckcu.o(.text.CKCU_PeripClockConfig)
    CmpBuffer                                0x00000345   Thumb Code    34  main.o(.text.CmpBuffer)
    GPIO_DirectionConfig                     0x00000367   Thumb Code    20  ht32f5xxxx_gpio.o(.text.GPIO_DirectionConfig)
    GPIO_DriveConfig                         0x0000037b   Thumb Code    50  ht32f5xxxx_gpio.o(.text.GPIO_DriveConfig)
    GPIO_PullResistorConfig                  0x000003ad   Thumb Code    38  ht32f5xxxx_gpio.o(.text.GPIO_PullResistorConfig)
    HT32F_DVB_LEDInit                        0x000003d5   Thumb Code    80  ht32_board.o(.text.HT32F_DVB_LEDInit)
    HT32F_DVB_LEDOff                         0x00000429   Thumb Code    20  ht32_board.o(.text.HT32F_DVB_LEDOff)
    HT32F_DVB_LEDOn                          0x0000043d   Thumb Code    20  ht32_board.o(.text.HT32F_DVB_LEDOn)
    HardFault_Handler                        0x0000045d   Thumb Code    12  ht32f5xxxx_01_it.o(.text.HardFault_Handler)
    I2C_CheckStatus                          0x0000046d   Thumb Code    10  ht32f5xxxx_i2c.o(.text.I2C_CheckStatus)
    I2C_ClearFlag                            0x00000477   Thumb Code     4  ht32f5xxxx_i2c.o(.text.I2C_ClearFlag)
    I2C_Cmd                                  0x0000047b   Thumb Code    18  ht32f5xxxx_i2c.o(.text.I2C_Cmd)
    I2C_Configuration                        0x0000048d   Thumb Code    72  main.o(.text.I2C_Configuration)
    I2C_Init                                 0x000004d9   Thumb Code   172  ht32f5xxxx_i2c.o(.text.I2C_Init)
    I2C_ReceiveData                          0x0000058d   Thumb Code     6  ht32f5xxxx_i2c.o(.text.I2C_ReceiveData)
    I2C_SendData                             0x00000593   Thumb Code     4  ht32f5xxxx_i2c.o(.text.I2C_SendData)
    I2C_Slave_Receiver                       0x00000599   Thumb Code    76  main.o(.text.I2C_Slave_Receiver)
    I2C_Slave_Transmitter                    0x000005ed   Thumb Code   112  main.o(.text.I2C_Slave_Transmitter)
    NMI_Handler                              0x0000066d   Thumb Code     2  ht32f5xxxx_01_it.o(.text.NMI_Handler)
    PendSV_Handler                           0x0000066f   Thumb Code     2  ht32f5xxxx_01_it.o(.text.PendSV_Handler)
    SVC_Handler                              0x00000671   Thumb Code     2  ht32f5xxxx_01_it.o(.text.SVC_Handler)
    SysTick_Handler                          0x00000673   Thumb Code     2  ht32f5xxxx_01_it.o(.text.SysTick_Handler)
    SystemInit                               0x00000675   Thumb Code   220  system_ht32f5xxxx_09.o(.text.SystemInit)
    main                                     0x00000795   Thumb Code    26  main.o(.text.main)
    __scatterload_copy                       0x000007af   Thumb Code    14  handlers.o(i.__scatterload_copy)
    __scatterload_null                       0x000007bd   Thumb Code     2  handlers.o(i.__scatterload_null)
    __scatterload_zeroinit                   0x000007bf   Thumb Code    14  handlers.o(i.__scatterload_zeroinit)
    GPIO_PORT                                0x000007cc   Data          24  ht32_board.o(.rodata.GPIO_PORT)
    LED_AFIO_MODE                            0x000007e4   Data           3  ht32_board.o(.rodata.LED_AFIO_MODE)
    LED_GPIO_ID                              0x000007e7   Data           3  ht32_board.o(.rodata.LED_GPIO_ID)
    LED_GPIO_PIN                             0x000007ea   Data           6  ht32_board.o(.rodata.LED_GPIO_PIN)
    Region$$Table$$Base                      0x000007f0   Number         0  anon$$obj.o(Region$$Table)
    Region$$Table$$Limit                     0x00000810   Number         0  anon$$obj.o(Region$$Table)
    I2C_Master_Buffer_Tx                     0x20000000   Data           4  main.o(.data.I2C_Master_Buffer_Tx)
    I2C_Slave_Buffer_Rx                      0x2000000c   Data           4  main.o(.bss.I2C_Slave_Buffer_Rx)
    Rx_Index                                 0x20000010   Data           1  main.o(.bss.Rx_Index)
    Tx_Index                                 0x20000011   Data           1  main.o(.bss.Tx_Index)
    __HT_check_sp                            0x20000018   Data           0  startup_ht32f5xxxx_09.o(STACK)
    __initial_sp                             0x20000218   Data           0  startup_ht32f5xxxx_09.o(STACK)



==============================================================================

Memory Map of the image

  Image Entry point : 0x000000c1

  Load Region LR_1 (Base: 0x00000000, Size: 0x00000814, Max: 0xffffffff, ABSOLUTE)

    Execution Region ER_RO (Exec base: 0x00000000, Load base: 0x00000000, Size: 0x00000810, Max: 0xffffffff, ABSOLUTE)

    Exec Addr    Load Addr    Size         Type   Attr      Idx    E Section Name        Object

    0x00000000   0x00000000   0x00000164   Code   RO           57  * RESET               startup_ht32f5xxxx_09.o
    0x00000164   0x00000164   0x00000000   Code   RO         1220  * .ARM.Collect$$$$00000000  mc_p.l(entry.o)
    0x00000164   0x00000164   0x00000004   Code   RO         1231    .ARM.Collect$$$$00000001  mc_p.l(entry2.o)
    0x00000168   0x00000168   0x00000004   Code   RO         1234    .ARM.Collect$$$$00000004  mc_p.l(entry5.o)
    0x0000016c   0x0000016c   0x00000000   Code   RO         1236    .ARM.Collect$$$$00000008  mc_p.l(entry7b.o)
    0x0000016c   0x0000016c   0x00000000   Code   RO         1238    .ARM.Collect$$$$0000000A  mc_p.l(entry8b.o)
    0x0000016c   0x0000016c   0x00000008   Code   RO         1239    .ARM.Collect$$$$0000000B  mc_p.l(entry9a.o)
    0x00000174   0x00000174   0x00000000   Code   RO         1241    .ARM.Collect$$$$0000000D  mc_p.l(entry10a.o)
    0x00000174   0x00000174   0x00000000   Code   RO         1243    .ARM.Collect$$$$0000000F  mc_p.l(entry11a.o)
    0x00000174   0x00000174   0x00000004   Code   RO         1232    .ARM.Collect$$$$00002712  mc_p.l(entry2.o)
    0x00000178   0x00000178   0x0000003e   Code   RO         1249    .text               mc_p.l(uidiv_div0.o)
    0x000001b6   0x000001b6   0x00000002   PAD
    0x000001b8   0x000001b8   0x00000024   Code   RO         1255    .text               mc_p.l(init.o)
    0x000001dc   0x000001dc   0x00000068   Code   RO          426    .text.AFIO_GPxConfig  ht32f5xxxx_gpio.o
    0x00000244   0x00000244   0x00000050   Code   RO          198    .text.CKCU_GetClocksFrequency  ht32f5xxxx_ckcu.o
    0x00000294   0x00000294   0x00000044   Code   RO          200    .text.CKCU_GetPLLFrequency  ht32f5xxxx_ckcu.o
    0x000002d8   0x000002d8   0x00000034   Code   RO          204    .text.CKCU_GetPeripFrequency  ht32f5xxxx_ckcu.o
    0x0000030c   0x0000030c   0x00000038   Code   RO          230    .text.CKCU_PeripClockConfig  ht32f5xxxx_ckcu.o
    0x00000344   0x00000344   0x00000022   Code   RO           10    .text.CmpBuffer     main.o
    0x00000366   0x00000366   0x00000014   Code   RO          390    .text.GPIO_DirectionConfig  ht32f5xxxx_gpio.o
    0x0000037a   0x0000037a   0x00000032   Code   RO          396    .text.GPIO_DriveConfig  ht32f5xxxx_gpio.o
    0x000003ac   0x000003ac   0x00000026   Code   RO          392    .text.GPIO_PullResistorConfig  ht32f5xxxx_gpio.o
    0x000003d2   0x000003d2   0x00000002   PAD
    0x000003d4   0x000003d4   0x00000054   Code   RO         1065    .text.HT32F_DVB_LEDInit  ht32_board.o
    0x00000428   0x00000428   0x00000014   Code   RO         1069    .text.HT32F_DVB_LEDOff  ht32_board.o
    0x0000043c   0x0000043c   0x00000020   Code   RO         1071    .text.HT32F_DVB_LEDOn  ht32_board.o
    0x0000045c   0x0000045c   0x00000010   Code   RO           27    .text.HardFault_Handler  ht32f5xxxx_01_it.o
    0x0000046c   0x0000046c   0x0000000a   Code   RO          470    .text.I2C_CheckStatus  ht32f5xxxx_i2c.o
    0x00000476   0x00000476   0x00000004   Code   RO          472    .text.I2C_ClearFlag  ht32f5xxxx_i2c.o
    0x0000047a   0x0000047a   0x00000012   Code   RO          448    .text.I2C_Cmd       ht32f5xxxx_i2c.o
    0x0000048c   0x0000048c   0x0000004c   Code   RO            4    .text.I2C_Configuration  main.o
    0x000004d8   0x000004d8   0x000000b4   Code   RO          444    .text.I2C_Init      ht32f5xxxx_i2c.o
    0x0000058c   0x0000058c   0x00000006   Code   RO          464    .text.I2C_ReceiveData  ht32f5xxxx_i2c.o
    0x00000592   0x00000592   0x00000004   Code   RO          462    .text.I2C_SendData  ht32f5xxxx_i2c.o
    0x00000596   0x00000596   0x00000002   PAD
    0x00000598   0x00000598   0x00000054   Code   RO            6    .text.I2C_Slave_Receiver  main.o
    0x000005ec   0x000005ec   0x00000080   Code   RO            8    .text.I2C_Slave_Transmitter  main.o
    0x0000066c   0x0000066c   0x00000002   Code   RO           25    .text.NMI_Handler   ht32f5xxxx_01_it.o
    0x0000066e   0x0000066e   0x00000002   Code   RO           31    .text.PendSV_Handler  ht32f5xxxx_01_it.o
    0x00000670   0x00000670   0x00000002   Code   RO           29    .text.SVC_Handler   ht32f5xxxx_01_it.o
    0x00000672   0x00000672   0x00000002   Code   RO           33    .text.SysTick_Handler  ht32f5xxxx_01_it.o
    0x00000674   0x00000674   0x000000e8   Code   RO           43    .text.SystemInit    system_ht32f5xxxx_09.o
    0x0000075c   0x0000075c   0x00000038   Code   RO         1067    .text._HT32F_DVB_ClockConfig  ht32_board.o
    0x00000794   0x00000794   0x0000001a   Code   RO            2    .text.main          main.o
    0x000007ae   0x000007ae   0x0000000e   Code   RO         1259    i.__scatterload_copy  mc_p.l(handlers.o)
    0x000007bc   0x000007bc   0x00000002   Code   RO         1260    i.__scatterload_null  mc_p.l(handlers.o)
    0x000007be   0x000007be   0x0000000e   Code   RO         1261    i.__scatterload_zeroinit  mc_p.l(handlers.o)
    0x000007cc   0x000007cc   0x00000018   Data   RO         1087    .rodata.GPIO_PORT   ht32_board.o
    0x000007e4   0x000007e4   0x00000003   Data   RO         1090    .rodata.LED_AFIO_MODE  ht32_board.o
    0x000007e7   0x000007e7   0x00000003   Data   RO         1088    .rodata.LED_GPIO_ID  ht32_board.o
    0x000007ea   0x000007ea   0x00000006   Data   RO         1089    .rodata.LED_GPIO_PIN  ht32_board.o
    0x000007f0   0x000007f0   0x00000020   Data   RO         1258    Region$$Table       anon$$obj.o


    Execution Region ER_RW (Exec base: 0x20000000, Load base: 0x00000810, Size: 0x00000004, Max: 0xffffffff, ABSOLUTE)

    Exec Addr    Load Addr    Size         Type   Attr      Idx    E Section Name        Object

    0x20000000   0x00000810   0x00000004   Data   RW           12    .data.I2C_Master_Buffer_Tx  main.o


    Execution Region ER_ZI (Exec base: 0x20000008, Load base: 0x00000814, Size: 0x00000210, Max: 0xffffffff, ABSOLUTE)

    Exec Addr    Load Addr    Size         Type   Attr      Idx    E Section Name        Object

    0x20000008        -       0x00000004   Zero   RW           35    .bss.HardFault_Handler.gIsContinue  ht32f5xxxx_01_it.o
    0x2000000c        -       0x00000004   Zero   RW           13    .bss.I2C_Slave_Buffer_Rx  main.o
    0x20000010        -       0x00000001   Zero   RW           15    .bss.Rx_Index       main.o
    0x20000011        -       0x00000001   Zero   RW           14    .bss.Tx_Index       main.o
    0x20000012   0x00000814   0x00000006   PAD
    0x20000018        -       0x00000200   Zero   RW           55    STACK               startup_ht32f5xxxx_09.o


==============================================================================

Image component sizes


      Code (inc. data)   RO Data    RW Data    ZI Data      Debug   Object Name

       192         16         36          0          0      12238   ht32_board.o
        24          4          0          0          4        976   ht32f5xxxx_01_it.o
       256         28          0          0          0      13766   ht32f5xxxx_ckcu.o
       212          4          0          0          0      10056   ht32f5xxxx_gpio.o
       222          8          0          0          0       9056   ht32f5xxxx_i2c.o
       348         28          0          4          6       4647   main.o
       356        238          0          0        512        740   startup_ht32f5xxxx_09.o
       232         12          0          0          0       2727   system_ht32f5xxxx_09.o

    ----------------------------------------------------------------------
      1846        338         68          4        528      54206   Object Totals
         0          0         32          0          0          0   (incl. Generated)
         4          0          0          0          6          0   (incl. Padding)

    ----------------------------------------------------------------------

      Code (inc. data)   RO Data    RW Data    ZI Data      Debug   Library Member Name

         0          0          0          0          0          0   entry.o
         0          0          0          0          0          0   entry10a.o
         0          0          0          0          0          0   entry11a.o
         8          4          0          0          0          0   entry2.o
         4          0          0          0          0          0   entry5.o
         0          0          0          0          0          0   entry7b.o
         0          0          0          0          0          0   entry8b.o
         8          4          0          0          0          0   entry9a.o
        30          0          0          0          0          0   handlers.o
        36          8          0          0          0         68   init.o
        62          0          0          0          0         72   uidiv_div0.o

    ----------------------------------------------------------------------
       150         16          0          0          0        140   Library Totals
         2          0          0          0          0          0   (incl. Padding)

    ----------------------------------------------------------------------

      Code (inc. data)   RO Data    RW Data    ZI Data      Debug   Library Name

       148         16          0          0          0        140   mc_p.l

    ----------------------------------------------------------------------
       150         16          0          0          0        140   Library Totals

    ----------------------------------------------------------------------

==============================================================================


      Code (inc. data)   RO Data    RW Data    ZI Data      Debug   

      1996        354         68          4        528      54378   Grand Totals
      1996        354         68          4        528      54378   ELF Image Totals
      1996        354         68          4          0          0   ROM Totals

==============================================================================

    Total RO  Size (Code + RO Data)                 2064 (   2.02kB)
    Total RW  Size (RW Data + ZI Data)               532 (   0.52kB)
    Total ROM Size (Code + RO Data + RW Data)       2068 (   2.02kB)

==============================================================================

