<!doctype html public "-//w3c//dtd html 4.0 transitional//en">
<html><head>
<title>Static Call Graph - [.\HT32\54253\Obj\HT32.axf]</title></head>
<body><HR>
<H1>Static Call Graph for image .\HT32\54253\Obj\HT32.axf</H1><HR>
<BR><P>#&#060CALLGRAPH&#062# ARM Linker, 5060960: Last Updated: Thu Nov 07 14:58:00 2024
<BR><P>
<H3>Maximum Stack Usage =        204 bytes + Unknown(Cycles, Untraceable Function Pointers)</H3><H3>
Call chain for Maximum Stack Depth:</H3>
main &rArr; updateParametersAndSendCommand &rArr; send_command_to_pbci &rArr; I2C_Slave_Transmitter &rArr; I2C_Reset &rArr; I2C_Configuration &rArr; I2C_Init &rArr; CKCU_GetPeripFrequency &rArr; CKCU_GetClocksFrequency &rArr; __ARM_common_switch8
<P>
<H3>
Mutually Recursive functions
</H3> <LI><a href="#[e]">ADC_IRQHandler</a>&nbsp;&nbsp;&nbsp;&rArr;&nbsp;&nbsp;&nbsp;<a href="#[e]">ADC_IRQHandler</a><BR>
</UL>
<P>
<H3>
Function Pointers
</H3><UL>
 <LI><a href="#[e]">ADC_IRQHandler</a> from startup_ht32f5xxxx_09.o(RESET) referenced from startup_ht32f5xxxx_09.o(RESET)
 <LI><a href="#[17]">BFTM0_IRQHandler</a> from startup_ht32f5xxxx_09.o(RESET) referenced from startup_ht32f5xxxx_09.o(RESET)
 <LI><a href="#[18]">BFTM1_IRQHandler</a> from startup_ht32f5xxxx_09.o(RESET) referenced from startup_ht32f5xxxx_09.o(RESET)
 <LI><a href="#[26]">BootProcess</a> from startup_ht32f5xxxx_09.o(RESET) referenced from startup_ht32f5xxxx_09.o(RESET)
 <LI><a href="#[d]">COMP_IRQHandler</a> from startup_ht32f5xxxx_09.o(RESET) referenced from startup_ht32f5xxxx_09.o(RESET)
 <LI><a href="#[9]">EVWUP_IRQHandler</a> from startup_ht32f5xxxx_09.o(RESET) referenced from startup_ht32f5xxxx_09.o(RESET)
 <LI><a href="#[a]">EXTI0_1_IRQHandler</a> from startup_ht32f5xxxx_09.o(RESET) referenced from startup_ht32f5xxxx_09.o(RESET)
 <LI><a href="#[b]">EXTI2_3_IRQHandler</a> from startup_ht32f5xxxx_09.o(RESET) referenced from startup_ht32f5xxxx_09.o(RESET)
 <LI><a href="#[c]">EXTI4_15_IRQHandler</a> from startup_ht32f5xxxx_09.o(RESET) referenced from startup_ht32f5xxxx_09.o(RESET)
 <LI><a href="#[8]">FLASH_IRQHandler</a> from startup_ht32f5xxxx_09.o(RESET) referenced from startup_ht32f5xxxx_09.o(RESET)
 <LI><a href="#[12]">GPTM0_IRQHandler</a> from startup_ht32f5xxxx_09.o(RESET) referenced from startup_ht32f5xxxx_09.o(RESET)
 <LI><a href="#[2]">HardFault_Handler</a> from ht32f5xxxx_01_it.o(i.HardFault_Handler) referenced from startup_ht32f5xxxx_09.o(RESET)
 <LI><a href="#[19]">I2C0_IRQHandler</a> from startup_ht32f5xxxx_09.o(RESET) referenced from startup_ht32f5xxxx_09.o(RESET)
 <LI><a href="#[1a]">I2C1_IRQHandler</a> from startup_ht32f5xxxx_09.o(RESET) referenced from startup_ht32f5xxxx_09.o(RESET)
 <LI><a href="#[f]">I2C2_IRQHandler</a> from startup_ht32f5xxxx_09.o(RESET) referenced from startup_ht32f5xxxx_09.o(RESET)
 <LI><a href="#[23]">LEDC_IRQHandler</a> from startup_ht32f5xxxx_09.o(RESET) referenced from startup_ht32f5xxxx_09.o(RESET)
 <LI><a href="#[6]">LVD_BOD_IRQHandler</a> from startup_ht32f5xxxx_09.o(RESET) referenced from startup_ht32f5xxxx_09.o(RESET)
 <LI><a href="#[10]">MCTM0_IRQHandler</a> from startup_ht32f5xxxx_09.o(RESET) referenced from startup_ht32f5xxxx_09.o(RESET)
 <LI><a href="#[1]">NMI_Handler</a> from ht32f5xxxx_01_it.o(i.NMI_Handler) referenced from startup_ht32f5xxxx_09.o(RESET)
 <LI><a href="#[24]">PDMA_CH0_1_IRQHandler</a> from startup_ht32f5xxxx_09.o(RESET) referenced from startup_ht32f5xxxx_09.o(RESET)
 <LI><a href="#[25]">PDMA_CH2_5_IRQHandler</a> from startup_ht32f5xxxx_09.o(RESET) referenced from startup_ht32f5xxxx_09.o(RESET)
 <LI><a href="#[4]">PendSV_Handler</a> from ht32f5xxxx_01_it.o(i.PendSV_Handler) referenced from startup_ht32f5xxxx_09.o(RESET)
 <LI><a href="#[7]">RTC_IRQHandler</a> from startup_ht32f5xxxx_09.o(RESET) referenced from startup_ht32f5xxxx_09.o(RESET)
 <LI><a href="#[2a]">Reset_Handler</a> from startup_ht32f5xxxx_09.o(RESET) referenced from startup_ht32f5xxxx_09.o(RESET)
 <LI><a href="#[13]">SCTM0_IRQHandler</a> from startup_ht32f5xxxx_09.o(RESET) referenced from startup_ht32f5xxxx_09.o(RESET)
 <LI><a href="#[14]">SCTM1_IRQHandler</a> from startup_ht32f5xxxx_09.o(RESET) referenced from startup_ht32f5xxxx_09.o(RESET)
 <LI><a href="#[15]">SCTM2_IRQHandler</a> from startup_ht32f5xxxx_09.o(RESET) referenced from startup_ht32f5xxxx_09.o(RESET)
 <LI><a href="#[16]">SCTM3_IRQHandler</a> from startup_ht32f5xxxx_09.o(RESET) referenced from startup_ht32f5xxxx_09.o(RESET)
 <LI><a href="#[1b]">SPI0_IRQHandler</a> from startup_ht32f5xxxx_09.o(RESET) referenced from startup_ht32f5xxxx_09.o(RESET)
 <LI><a href="#[1c]">SPI1_IRQHandler</a> from startup_ht32f5xxxx_09.o(RESET) referenced from startup_ht32f5xxxx_09.o(RESET)
 <LI><a href="#[3]">SVC_Handler</a> from ht32f5xxxx_01_it.o(i.SVC_Handler) referenced from startup_ht32f5xxxx_09.o(RESET)
 <LI><a href="#[5]">SysTick_Handler</a> from ht32f5xxxx_01_it.o(i.SysTick_Handler) referenced from startup_ht32f5xxxx_09.o(RESET)
 <LI><a href="#[27]">SystemInit</a> from system_ht32f5xxxx_09.o(i.SystemInit) referenced from startup_ht32f5xxxx_09.o(RESET)
 <LI><a href="#[11]">TKEY_IRQHandler</a> from startup_ht32f5xxxx_09.o(RESET) referenced from startup_ht32f5xxxx_09.o(RESET)
 <LI><a href="#[1f]">UART0_IRQHandler</a> from startup_ht32f5xxxx_09.o(RESET) referenced from startup_ht32f5xxxx_09.o(RESET)
 <LI><a href="#[20]">UART1_IRQHandler</a> from startup_ht32f5xxxx_09.o(RESET) referenced from startup_ht32f5xxxx_09.o(RESET)
 <LI><a href="#[21]">UART2_IRQHandler</a> from startup_ht32f5xxxx_09.o(RESET) referenced from startup_ht32f5xxxx_09.o(RESET)
 <LI><a href="#[22]">UART3_IRQHandler</a> from startup_ht32f5xxxx_09.o(RESET) referenced from startup_ht32f5xxxx_09.o(RESET)
 <LI><a href="#[1d]">USART0_IRQHandler</a> from startup_ht32f5xxxx_09.o(RESET) referenced from startup_ht32f5xxxx_09.o(RESET)
 <LI><a href="#[1e]">USART1_IRQHandler</a> from startup_ht32f5xxxx_09.o(RESET) referenced from startup_ht32f5xxxx_09.o(RESET)
 <LI><a href="#[28]">__main</a> from entry.o(.ARM.Collect$$$$00000000) referenced from startup_ht32f5xxxx_09.o(RESET)
 <LI><a href="#[29]">main</a> from main.o(i.main) referenced from entry9a.o(.ARM.Collect$$$$0000000B)
</UL>
<P>
<H3>
Global Symbols
</H3>
<P><STRONG><a name="[2a]"></a>Reset_Handler</STRONG> (Thumb, 12 bytes, Stack size 0 bytes, startup_ht32f5xxxx_09.o(RESET))

<P><STRONG><a name="[e]"></a>ADC_IRQHandler</STRONG> (Thumb, 0 bytes, Stack size 0 bytes, startup_ht32f5xxxx_09.o(RESET))
<BR><BR>[Calls]<UL><LI><a href="#[e]">&gt;&gt;</a>&nbsp;&nbsp;&nbsp;ADC_IRQHandler
</UL>
<BR>[Called By]<UL><LI><a href="#[e]">&gt;&gt;</a>&nbsp;&nbsp;&nbsp;ADC_IRQHandler
</UL>
<BR>[Address Reference Count : 1]<UL><LI> startup_ht32f5xxxx_09.o(RESET)
</UL>
<P><STRONG><a name="[17]"></a>BFTM0_IRQHandler</STRONG> (Thumb, 0 bytes, Stack size 0 bytes, startup_ht32f5xxxx_09.o(RESET))
<BR>[Address Reference Count : 1]<UL><LI> startup_ht32f5xxxx_09.o(RESET)
</UL>
<P><STRONG><a name="[18]"></a>BFTM1_IRQHandler</STRONG> (Thumb, 0 bytes, Stack size 0 bytes, startup_ht32f5xxxx_09.o(RESET))
<BR>[Address Reference Count : 1]<UL><LI> startup_ht32f5xxxx_09.o(RESET)
</UL>
<P><STRONG><a name="[d]"></a>COMP_IRQHandler</STRONG> (Thumb, 0 bytes, Stack size 0 bytes, startup_ht32f5xxxx_09.o(RESET))
<BR>[Address Reference Count : 1]<UL><LI> startup_ht32f5xxxx_09.o(RESET)
</UL>
<P><STRONG><a name="[9]"></a>EVWUP_IRQHandler</STRONG> (Thumb, 0 bytes, Stack size 0 bytes, startup_ht32f5xxxx_09.o(RESET))
<BR>[Address Reference Count : 1]<UL><LI> startup_ht32f5xxxx_09.o(RESET)
</UL>
<P><STRONG><a name="[a]"></a>EXTI0_1_IRQHandler</STRONG> (Thumb, 0 bytes, Stack size 0 bytes, startup_ht32f5xxxx_09.o(RESET))
<BR>[Address Reference Count : 1]<UL><LI> startup_ht32f5xxxx_09.o(RESET)
</UL>
<P><STRONG><a name="[b]"></a>EXTI2_3_IRQHandler</STRONG> (Thumb, 0 bytes, Stack size 0 bytes, startup_ht32f5xxxx_09.o(RESET))
<BR>[Address Reference Count : 1]<UL><LI> startup_ht32f5xxxx_09.o(RESET)
</UL>
<P><STRONG><a name="[c]"></a>EXTI4_15_IRQHandler</STRONG> (Thumb, 0 bytes, Stack size 0 bytes, startup_ht32f5xxxx_09.o(RESET))
<BR>[Address Reference Count : 1]<UL><LI> startup_ht32f5xxxx_09.o(RESET)
</UL>
<P><STRONG><a name="[8]"></a>FLASH_IRQHandler</STRONG> (Thumb, 0 bytes, Stack size 0 bytes, startup_ht32f5xxxx_09.o(RESET))
<BR>[Address Reference Count : 1]<UL><LI> startup_ht32f5xxxx_09.o(RESET)
</UL>
<P><STRONG><a name="[12]"></a>GPTM0_IRQHandler</STRONG> (Thumb, 0 bytes, Stack size 0 bytes, startup_ht32f5xxxx_09.o(RESET))
<BR>[Address Reference Count : 1]<UL><LI> startup_ht32f5xxxx_09.o(RESET)
</UL>
<P><STRONG><a name="[19]"></a>I2C0_IRQHandler</STRONG> (Thumb, 0 bytes, Stack size 0 bytes, startup_ht32f5xxxx_09.o(RESET))
<BR>[Address Reference Count : 1]<UL><LI> startup_ht32f5xxxx_09.o(RESET)
</UL>
<P><STRONG><a name="[1a]"></a>I2C1_IRQHandler</STRONG> (Thumb, 0 bytes, Stack size 0 bytes, startup_ht32f5xxxx_09.o(RESET))
<BR>[Address Reference Count : 1]<UL><LI> startup_ht32f5xxxx_09.o(RESET)
</UL>
<P><STRONG><a name="[f]"></a>I2C2_IRQHandler</STRONG> (Thumb, 0 bytes, Stack size 0 bytes, startup_ht32f5xxxx_09.o(RESET))
<BR>[Address Reference Count : 1]<UL><LI> startup_ht32f5xxxx_09.o(RESET)
</UL>
<P><STRONG><a name="[23]"></a>LEDC_IRQHandler</STRONG> (Thumb, 0 bytes, Stack size 0 bytes, startup_ht32f5xxxx_09.o(RESET))
<BR>[Address Reference Count : 1]<UL><LI> startup_ht32f5xxxx_09.o(RESET)
</UL>
<P><STRONG><a name="[6]"></a>LVD_BOD_IRQHandler</STRONG> (Thumb, 0 bytes, Stack size 0 bytes, startup_ht32f5xxxx_09.o(RESET))
<BR>[Address Reference Count : 1]<UL><LI> startup_ht32f5xxxx_09.o(RESET)
</UL>
<P><STRONG><a name="[10]"></a>MCTM0_IRQHandler</STRONG> (Thumb, 0 bytes, Stack size 0 bytes, startup_ht32f5xxxx_09.o(RESET))
<BR>[Address Reference Count : 1]<UL><LI> startup_ht32f5xxxx_09.o(RESET)
</UL>
<P><STRONG><a name="[24]"></a>PDMA_CH0_1_IRQHandler</STRONG> (Thumb, 0 bytes, Stack size 0 bytes, startup_ht32f5xxxx_09.o(RESET))
<BR>[Address Reference Count : 1]<UL><LI> startup_ht32f5xxxx_09.o(RESET)
</UL>
<P><STRONG><a name="[25]"></a>PDMA_CH2_5_IRQHandler</STRONG> (Thumb, 0 bytes, Stack size 0 bytes, startup_ht32f5xxxx_09.o(RESET))
<BR>[Address Reference Count : 1]<UL><LI> startup_ht32f5xxxx_09.o(RESET)
</UL>
<P><STRONG><a name="[7]"></a>RTC_IRQHandler</STRONG> (Thumb, 0 bytes, Stack size 0 bytes, startup_ht32f5xxxx_09.o(RESET))
<BR>[Address Reference Count : 1]<UL><LI> startup_ht32f5xxxx_09.o(RESET)
</UL>
<P><STRONG><a name="[13]"></a>SCTM0_IRQHandler</STRONG> (Thumb, 0 bytes, Stack size 0 bytes, startup_ht32f5xxxx_09.o(RESET))
<BR>[Address Reference Count : 1]<UL><LI> startup_ht32f5xxxx_09.o(RESET)
</UL>
<P><STRONG><a name="[14]"></a>SCTM1_IRQHandler</STRONG> (Thumb, 0 bytes, Stack size 0 bytes, startup_ht32f5xxxx_09.o(RESET))
<BR>[Address Reference Count : 1]<UL><LI> startup_ht32f5xxxx_09.o(RESET)
</UL>
<P><STRONG><a name="[15]"></a>SCTM2_IRQHandler</STRONG> (Thumb, 0 bytes, Stack size 0 bytes, startup_ht32f5xxxx_09.o(RESET))
<BR>[Address Reference Count : 1]<UL><LI> startup_ht32f5xxxx_09.o(RESET)
</UL>
<P><STRONG><a name="[16]"></a>SCTM3_IRQHandler</STRONG> (Thumb, 0 bytes, Stack size 0 bytes, startup_ht32f5xxxx_09.o(RESET))
<BR>[Address Reference Count : 1]<UL><LI> startup_ht32f5xxxx_09.o(RESET)
</UL>
<P><STRONG><a name="[1b]"></a>SPI0_IRQHandler</STRONG> (Thumb, 0 bytes, Stack size 0 bytes, startup_ht32f5xxxx_09.o(RESET))
<BR>[Address Reference Count : 1]<UL><LI> startup_ht32f5xxxx_09.o(RESET)
</UL>
<P><STRONG><a name="[1c]"></a>SPI1_IRQHandler</STRONG> (Thumb, 0 bytes, Stack size 0 bytes, startup_ht32f5xxxx_09.o(RESET))
<BR>[Address Reference Count : 1]<UL><LI> startup_ht32f5xxxx_09.o(RESET)
</UL>
<P><STRONG><a name="[11]"></a>TKEY_IRQHandler</STRONG> (Thumb, 0 bytes, Stack size 0 bytes, startup_ht32f5xxxx_09.o(RESET))
<BR>[Address Reference Count : 1]<UL><LI> startup_ht32f5xxxx_09.o(RESET)
</UL>
<P><STRONG><a name="[1f]"></a>UART0_IRQHandler</STRONG> (Thumb, 0 bytes, Stack size 0 bytes, startup_ht32f5xxxx_09.o(RESET))
<BR>[Address Reference Count : 1]<UL><LI> startup_ht32f5xxxx_09.o(RESET)
</UL>
<P><STRONG><a name="[20]"></a>UART1_IRQHandler</STRONG> (Thumb, 0 bytes, Stack size 0 bytes, startup_ht32f5xxxx_09.o(RESET))
<BR>[Address Reference Count : 1]<UL><LI> startup_ht32f5xxxx_09.o(RESET)
</UL>
<P><STRONG><a name="[21]"></a>UART2_IRQHandler</STRONG> (Thumb, 0 bytes, Stack size 0 bytes, startup_ht32f5xxxx_09.o(RESET))
<BR>[Address Reference Count : 1]<UL><LI> startup_ht32f5xxxx_09.o(RESET)
</UL>
<P><STRONG><a name="[22]"></a>UART3_IRQHandler</STRONG> (Thumb, 0 bytes, Stack size 0 bytes, startup_ht32f5xxxx_09.o(RESET))
<BR>[Address Reference Count : 1]<UL><LI> startup_ht32f5xxxx_09.o(RESET)
</UL>
<P><STRONG><a name="[1d]"></a>USART0_IRQHandler</STRONG> (Thumb, 0 bytes, Stack size 0 bytes, startup_ht32f5xxxx_09.o(RESET))
<BR>[Address Reference Count : 1]<UL><LI> startup_ht32f5xxxx_09.o(RESET)
</UL>
<P><STRONG><a name="[1e]"></a>USART1_IRQHandler</STRONG> (Thumb, 0 bytes, Stack size 0 bytes, startup_ht32f5xxxx_09.o(RESET))
<BR>[Address Reference Count : 1]<UL><LI> startup_ht32f5xxxx_09.o(RESET)
</UL>
<P><STRONG><a name="[28]"></a>__main</STRONG> (Thumb, 0 bytes, Stack size unknown bytes, entry.o(.ARM.Collect$$$$00000000))
<BR>[Address Reference Count : 1]<UL><LI> startup_ht32f5xxxx_09.o(RESET)
</UL>
<P><STRONG><a name="[4a]"></a>_main_stk</STRONG> (Thumb, 0 bytes, Stack size unknown bytes, entry2.o(.ARM.Collect$$$$00000001))

<P><STRONG><a name="[2b]"></a>_main_scatterload</STRONG> (Thumb, 0 bytes, Stack size unknown bytes, entry5.o(.ARM.Collect$$$$00000004))
<BR><BR>[Calls]<UL><LI><a href="#[2c]">&gt;&gt;</a>&nbsp;&nbsp;&nbsp;__scatterload
</UL>

<P><STRONG><a name="[2f]"></a>__main_after_scatterload</STRONG> (Thumb, 0 bytes, Stack size unknown bytes, entry5.o(.ARM.Collect$$$$00000004))
<BR><BR>[Called By]<UL><LI><a href="#[2c]">&gt;&gt;</a>&nbsp;&nbsp;&nbsp;__scatterload
</UL>

<P><STRONG><a name="[4b]"></a>_main_clock</STRONG> (Thumb, 0 bytes, Stack size unknown bytes, entry7b.o(.ARM.Collect$$$$00000008))

<P><STRONG><a name="[4c]"></a>_main_cpp_init</STRONG> (Thumb, 0 bytes, Stack size unknown bytes, entry8b.o(.ARM.Collect$$$$0000000A))

<P><STRONG><a name="[4d]"></a>_main_init</STRONG> (Thumb, 0 bytes, Stack size unknown bytes, entry9a.o(.ARM.Collect$$$$0000000B))

<P><STRONG><a name="[2d]"></a>__rt_lib_shutdown_fini</STRONG> (Thumb, 0 bytes, Stack size unknown bytes, entry12b.o(.ARM.Collect$$$$0000000E))
<BR><BR>[Calls]<UL><LI><a href="#[2e]">&gt;&gt;</a>&nbsp;&nbsp;&nbsp;__arm_fini_ (Weak Reference)
</UL>

<P><STRONG><a name="[4e]"></a>__rt_final_cpp</STRONG> (Thumb, 0 bytes, Stack size unknown bytes, entry10a.o(.ARM.Collect$$$$0000000F))

<P><STRONG><a name="[4f]"></a>__rt_final_exit</STRONG> (Thumb, 0 bytes, Stack size unknown bytes, entry11a.o(.ARM.Collect$$$$00000011))

<P><STRONG><a name="[50]"></a>__aeabi_uidiv</STRONG> (Thumb, 0 bytes, Stack size 12 bytes, uidiv.o(.text), UNUSED)

<P><STRONG><a name="[39]"></a>__aeabi_uidivmod</STRONG> (Thumb, 44 bytes, Stack size 12 bytes, uidiv.o(.text))
<BR><BR>[Stack]<UL><LI>Max Depth = 12<LI>Call Chain = __aeabi_uidivmod
</UL>
<BR>[Called By]<UL><LI><a href="#[37]">&gt;&gt;</a>&nbsp;&nbsp;&nbsp;I2C_Init
</UL>

<P><STRONG><a name="[2c]"></a>__scatterload</STRONG> (Thumb, 28 bytes, Stack size 0 bytes, init.o(.text))
<BR><BR>[Calls]<UL><LI><a href="#[2f]">&gt;&gt;</a>&nbsp;&nbsp;&nbsp;__main_after_scatterload
</UL>
<BR>[Called By]<UL><LI><a href="#[2b]">&gt;&gt;</a>&nbsp;&nbsp;&nbsp;_main_scatterload
</UL>

<P><STRONG><a name="[51]"></a>__scatterload_rt2</STRONG> (Thumb, 0 bytes, Stack size 0 bytes, init.o(.text), UNUSED)

<P><STRONG><a name="[36]"></a>AFIO_GPxConfig</STRONG> (Thumb, 82 bytes, Stack size 20 bytes, ht32f5xxxx_gpio.o(i.AFIO_GPxConfig))
<BR><BR>[Stack]<UL><LI>Max Depth = 20<LI>Call Chain = AFIO_GPxConfig
</UL>
<BR>[Called By]<UL><LI><a href="#[42]">&gt;&gt;</a>&nbsp;&nbsp;&nbsp;plate_req_Configuration
<LI><a href="#[34]">&gt;&gt;</a>&nbsp;&nbsp;&nbsp;I2C_Configuration
</UL>

<P><STRONG><a name="[30]"></a>CKCU_GetClocksFrequency</STRONG> (Thumb, 78 bytes, Stack size 16 bytes, ht32f5xxxx_ckcu.o(i.CKCU_GetClocksFrequency))
<BR><BR>[Stack]<UL><LI>Max Depth = 24<LI>Call Chain = CKCU_GetClocksFrequency &rArr; __ARM_common_switch8
</UL>
<BR>[Calls]<UL><LI><a href="#[32]">&gt;&gt;</a>&nbsp;&nbsp;&nbsp;__ARM_common_switch8
<LI><a href="#[31]">&gt;&gt;</a>&nbsp;&nbsp;&nbsp;CKCU_GetPLLFrequency
</UL>
<BR>[Called By]<UL><LI><a href="#[33]">&gt;&gt;</a>&nbsp;&nbsp;&nbsp;CKCU_GetPeripFrequency
</UL>

<P><STRONG><a name="[31]"></a>CKCU_GetPLLFrequency</STRONG> (Thumb, 56 bytes, Stack size 0 bytes, ht32f5xxxx_ckcu.o(i.CKCU_GetPLLFrequency))
<BR><BR>[Called By]<UL><LI><a href="#[30]">&gt;&gt;</a>&nbsp;&nbsp;&nbsp;CKCU_GetClocksFrequency
</UL>

<P><STRONG><a name="[33]"></a>CKCU_GetPeripFrequency</STRONG> (Thumb, 46 bytes, Stack size 20 bytes, ht32f5xxxx_ckcu.o(i.CKCU_GetPeripFrequency))
<BR><BR>[Stack]<UL><LI>Max Depth = 44<LI>Call Chain = CKCU_GetPeripFrequency &rArr; CKCU_GetClocksFrequency &rArr; __ARM_common_switch8
</UL>
<BR>[Calls]<UL><LI><a href="#[30]">&gt;&gt;</a>&nbsp;&nbsp;&nbsp;CKCU_GetClocksFrequency
</UL>
<BR>[Called By]<UL><LI><a href="#[37]">&gt;&gt;</a>&nbsp;&nbsp;&nbsp;I2C_Init
</UL>

<P><STRONG><a name="[35]"></a>CKCU_PeripClockConfig</STRONG> (Thumb, 34 bytes, Stack size 20 bytes, ht32f5xxxx_ckcu.o(i.CKCU_PeripClockConfig))
<BR><BR>[Stack]<UL><LI>Max Depth = 20<LI>Call Chain = CKCU_PeripClockConfig
</UL>
<BR>[Called By]<UL><LI><a href="#[34]">&gt;&gt;</a>&nbsp;&nbsp;&nbsp;I2C_Configuration
</UL>

<P><STRONG><a name="[43]"></a>Clear_I2C_Buffer</STRONG> (Thumb, 30 bytes, Stack size 0 bytes, main.o(i.Clear_I2C_Buffer))
<BR><BR>[Called By]<UL><LI><a href="#[29]">&gt;&gt;</a>&nbsp;&nbsp;&nbsp;main
</UL>

<P><STRONG><a name="[47]"></a>GPIO_DirectionConfig</STRONG> (Thumb, 16 bytes, Stack size 0 bytes, ht32f5xxxx_gpio.o(i.GPIO_DirectionConfig))
<BR><BR>[Called By]<UL><LI><a href="#[42]">&gt;&gt;</a>&nbsp;&nbsp;&nbsp;plate_req_Configuration
</UL>

<P><STRONG><a name="[46]"></a>GPIO_SetOutBits</STRONG> (Thumb, 4 bytes, Stack size 0 bytes, ht32f5xxxx_gpio.o(i.GPIO_SetOutBits))
<BR><BR>[Called By]<UL><LI><a href="#[42]">&gt;&gt;</a>&nbsp;&nbsp;&nbsp;plate_req_Configuration
</UL>

<P><STRONG><a name="[45]"></a>GPIO_WriteOutBits</STRONG> (Thumb, 12 bytes, Stack size 0 bytes, ht32f5xxxx_gpio.o(i.GPIO_WriteOutBits))
<BR><BR>[Called By]<UL><LI><a href="#[42]">&gt;&gt;</a>&nbsp;&nbsp;&nbsp;plate_req_Configuration
</UL>

<P><STRONG><a name="[49]"></a>GetCRC16</STRONG> (Thumb, 44 bytes, Stack size 12 bytes, main.o(i.GetCRC16))
<BR><BR>[Stack]<UL><LI>Max Depth = 12<LI>Call Chain = GetCRC16
</UL>
<BR>[Called By]<UL><LI><a href="#[44]">&gt;&gt;</a>&nbsp;&nbsp;&nbsp;updateParametersAndSendCommand
</UL>

<P><STRONG><a name="[2]"></a>HardFault_Handler</STRONG> (Thumb, 10 bytes, Stack size 0 bytes, ht32f5xxxx_01_it.o(i.HardFault_Handler))
<BR>[Address Reference Count : 1]<UL><LI> startup_ht32f5xxxx_09.o(RESET)
</UL>
<P><STRONG><a name="[3e]"></a>I2C_CheckStatus</STRONG> (Thumb, 14 bytes, Stack size 0 bytes, ht32f5xxxx_i2c.o(i.I2C_CheckStatus))
<BR><BR>[Called By]<UL><LI><a href="#[3f]">&gt;&gt;</a>&nbsp;&nbsp;&nbsp;I2C_Slave_Transmitter
<LI><a href="#[3b]">&gt;&gt;</a>&nbsp;&nbsp;&nbsp;I2C_Slave_Receiver
</UL>

<P><STRONG><a name="[3c]"></a>I2C_ClearFlag</STRONG> (Thumb, 4 bytes, Stack size 0 bytes, ht32f5xxxx_i2c.o(i.I2C_ClearFlag))
<BR><BR>[Called By]<UL><LI><a href="#[3b]">&gt;&gt;</a>&nbsp;&nbsp;&nbsp;I2C_Slave_Receiver
</UL>

<P><STRONG><a name="[38]"></a>I2C_Cmd</STRONG> (Thumb, 18 bytes, Stack size 0 bytes, ht32f5xxxx_i2c.o(i.I2C_Cmd))
<BR><BR>[Called By]<UL><LI><a href="#[3a]">&gt;&gt;</a>&nbsp;&nbsp;&nbsp;I2C_Reset
<LI><a href="#[34]">&gt;&gt;</a>&nbsp;&nbsp;&nbsp;I2C_Configuration
</UL>

<P><STRONG><a name="[34]"></a>I2C_Configuration</STRONG> (Thumb, 68 bytes, Stack size 24 bytes, main.o(i.I2C_Configuration))
<BR><BR>[Stack]<UL><LI>Max Depth = 100<LI>Call Chain = I2C_Configuration &rArr; I2C_Init &rArr; CKCU_GetPeripFrequency &rArr; CKCU_GetClocksFrequency &rArr; __ARM_common_switch8
</UL>
<BR>[Calls]<UL><LI><a href="#[37]">&gt;&gt;</a>&nbsp;&nbsp;&nbsp;I2C_Init
<LI><a href="#[38]">&gt;&gt;</a>&nbsp;&nbsp;&nbsp;I2C_Cmd
<LI><a href="#[35]">&gt;&gt;</a>&nbsp;&nbsp;&nbsp;CKCU_PeripClockConfig
<LI><a href="#[36]">&gt;&gt;</a>&nbsp;&nbsp;&nbsp;AFIO_GPxConfig
</UL>
<BR>[Called By]<UL><LI><a href="#[29]">&gt;&gt;</a>&nbsp;&nbsp;&nbsp;main
<LI><a href="#[3a]">&gt;&gt;</a>&nbsp;&nbsp;&nbsp;I2C_Reset
</UL>

<P><STRONG><a name="[41]"></a>I2C_GetFlagStatus</STRONG> (Thumb, 10 bytes, Stack size 0 bytes, ht32f5xxxx_i2c.o(i.I2C_GetFlagStatus))
<BR><BR>[Called By]<UL><LI><a href="#[3f]">&gt;&gt;</a>&nbsp;&nbsp;&nbsp;I2C_Slave_Transmitter
</UL>

<P><STRONG><a name="[37]"></a>I2C_Init</STRONG> (Thumb, 158 bytes, Stack size 32 bytes, ht32f5xxxx_i2c.o(i.I2C_Init))
<BR><BR>[Stack]<UL><LI>Max Depth = 76<LI>Call Chain = I2C_Init &rArr; CKCU_GetPeripFrequency &rArr; CKCU_GetClocksFrequency &rArr; __ARM_common_switch8
</UL>
<BR>[Calls]<UL><LI><a href="#[33]">&gt;&gt;</a>&nbsp;&nbsp;&nbsp;CKCU_GetPeripFrequency
<LI><a href="#[39]">&gt;&gt;</a>&nbsp;&nbsp;&nbsp;__aeabi_uidivmod
</UL>
<BR>[Called By]<UL><LI><a href="#[34]">&gt;&gt;</a>&nbsp;&nbsp;&nbsp;I2C_Configuration
</UL>

<P><STRONG><a name="[3d]"></a>I2C_ReceiveData</STRONG> (Thumb, 6 bytes, Stack size 0 bytes, ht32f5xxxx_i2c.o(i.I2C_ReceiveData))
<BR><BR>[Called By]<UL><LI><a href="#[3b]">&gt;&gt;</a>&nbsp;&nbsp;&nbsp;I2C_Slave_Receiver
</UL>

<P><STRONG><a name="[3a]"></a>I2C_Reset</STRONG> (Thumb, 16 bytes, Stack size 8 bytes, main.o(i.I2C_Reset))
<BR><BR>[Stack]<UL><LI>Max Depth = 108<LI>Call Chain = I2C_Reset &rArr; I2C_Configuration &rArr; I2C_Init &rArr; CKCU_GetPeripFrequency &rArr; CKCU_GetClocksFrequency &rArr; __ARM_common_switch8
</UL>
<BR>[Calls]<UL><LI><a href="#[38]">&gt;&gt;</a>&nbsp;&nbsp;&nbsp;I2C_Cmd
<LI><a href="#[34]">&gt;&gt;</a>&nbsp;&nbsp;&nbsp;I2C_Configuration
</UL>
<BR>[Called By]<UL><LI><a href="#[3f]">&gt;&gt;</a>&nbsp;&nbsp;&nbsp;I2C_Slave_Transmitter
</UL>

<P><STRONG><a name="[40]"></a>I2C_SendData</STRONG> (Thumb, 4 bytes, Stack size 0 bytes, ht32f5xxxx_i2c.o(i.I2C_SendData))
<BR><BR>[Called By]<UL><LI><a href="#[3f]">&gt;&gt;</a>&nbsp;&nbsp;&nbsp;I2C_Slave_Transmitter
</UL>

<P><STRONG><a name="[3b]"></a>I2C_Slave_Receiver</STRONG> (Thumb, 160 bytes, Stack size 24 bytes, main.o(i.I2C_Slave_Receiver))
<BR><BR>[Stack]<UL><LI>Max Depth = 24<LI>Call Chain = I2C_Slave_Receiver
</UL>
<BR>[Calls]<UL><LI><a href="#[3d]">&gt;&gt;</a>&nbsp;&nbsp;&nbsp;I2C_ReceiveData
<LI><a href="#[3c]">&gt;&gt;</a>&nbsp;&nbsp;&nbsp;I2C_ClearFlag
<LI><a href="#[3e]">&gt;&gt;</a>&nbsp;&nbsp;&nbsp;I2C_CheckStatus
</UL>
<BR>[Called By]<UL><LI><a href="#[29]">&gt;&gt;</a>&nbsp;&nbsp;&nbsp;main
</UL>

<P><STRONG><a name="[3f]"></a>I2C_Slave_Transmitter</STRONG> (Thumb, 148 bytes, Stack size 24 bytes, main.o(i.I2C_Slave_Transmitter))
<BR><BR>[Stack]<UL><LI>Max Depth = 132<LI>Call Chain = I2C_Slave_Transmitter &rArr; I2C_Reset &rArr; I2C_Configuration &rArr; I2C_Init &rArr; CKCU_GetPeripFrequency &rArr; CKCU_GetClocksFrequency &rArr; __ARM_common_switch8
</UL>
<BR>[Calls]<UL><LI><a href="#[40]">&gt;&gt;</a>&nbsp;&nbsp;&nbsp;I2C_SendData
<LI><a href="#[41]">&gt;&gt;</a>&nbsp;&nbsp;&nbsp;I2C_GetFlagStatus
<LI><a href="#[3e]">&gt;&gt;</a>&nbsp;&nbsp;&nbsp;I2C_CheckStatus
<LI><a href="#[3a]">&gt;&gt;</a>&nbsp;&nbsp;&nbsp;I2C_Reset
</UL>
<BR>[Called By]<UL><LI><a href="#[48]">&gt;&gt;</a>&nbsp;&nbsp;&nbsp;send_command_to_pbci
</UL>

<P><STRONG><a name="[1]"></a>NMI_Handler</STRONG> (Thumb, 2 bytes, Stack size 0 bytes, ht32f5xxxx_01_it.o(i.NMI_Handler))
<BR>[Address Reference Count : 1]<UL><LI> startup_ht32f5xxxx_09.o(RESET)
</UL>
<P><STRONG><a name="[4]"></a>PendSV_Handler</STRONG> (Thumb, 2 bytes, Stack size 0 bytes, ht32f5xxxx_01_it.o(i.PendSV_Handler))
<BR>[Address Reference Count : 1]<UL><LI> startup_ht32f5xxxx_09.o(RESET)
</UL>
<P><STRONG><a name="[3]"></a>SVC_Handler</STRONG> (Thumb, 2 bytes, Stack size 0 bytes, ht32f5xxxx_01_it.o(i.SVC_Handler))
<BR>[Address Reference Count : 1]<UL><LI> startup_ht32f5xxxx_09.o(RESET)
</UL>
<P><STRONG><a name="[5]"></a>SysTick_Handler</STRONG> (Thumb, 2 bytes, Stack size 0 bytes, ht32f5xxxx_01_it.o(i.SysTick_Handler))
<BR>[Address Reference Count : 1]<UL><LI> startup_ht32f5xxxx_09.o(RESET)
</UL>
<P><STRONG><a name="[27]"></a>SystemInit</STRONG> (Thumb, 196 bytes, Stack size 20 bytes, system_ht32f5xxxx_09.o(i.SystemInit))
<BR><BR>[Stack]<UL><LI>Max Depth = 20<LI>Call Chain = SystemInit
</UL>
<BR>[Address Reference Count : 1]<UL><LI> startup_ht32f5xxxx_09.o(RESET)
</UL>
<P><STRONG><a name="[32]"></a>__ARM_common_switch8</STRONG> (Thumb, 26 bytes, Stack size 8 bytes, ht32f5xxxx_ckcu.o(i.__ARM_common_switch8))
<BR><BR>[Stack]<UL><LI>Max Depth = 8<LI>Call Chain = __ARM_common_switch8
</UL>
<BR>[Called By]<UL><LI><a href="#[30]">&gt;&gt;</a>&nbsp;&nbsp;&nbsp;CKCU_GetClocksFrequency
</UL>

<P><STRONG><a name="[52]"></a>__scatterload_copy</STRONG> (Thumb, 14 bytes, Stack size unknown bytes, handlers.o(i.__scatterload_copy), UNUSED)

<P><STRONG><a name="[53]"></a>__scatterload_null</STRONG> (Thumb, 2 bytes, Stack size unknown bytes, handlers.o(i.__scatterload_null), UNUSED)

<P><STRONG><a name="[54]"></a>__scatterload_zeroinit</STRONG> (Thumb, 14 bytes, Stack size unknown bytes, handlers.o(i.__scatterload_zeroinit), UNUSED)

<P><STRONG><a name="[29]"></a>main</STRONG> (Thumb, 42 bytes, Stack size 0 bytes, main.o(i.main))
<BR><BR>[Stack]<UL><LI>Max Depth = 204<LI>Call Chain = main &rArr; updateParametersAndSendCommand &rArr; send_command_to_pbci &rArr; I2C_Slave_Transmitter &rArr; I2C_Reset &rArr; I2C_Configuration &rArr; I2C_Init &rArr; CKCU_GetPeripFrequency &rArr; CKCU_GetClocksFrequency &rArr; __ARM_common_switch8
</UL>
<BR>[Calls]<UL><LI><a href="#[44]">&gt;&gt;</a>&nbsp;&nbsp;&nbsp;updateParametersAndSendCommand
<LI><a href="#[42]">&gt;&gt;</a>&nbsp;&nbsp;&nbsp;plate_req_Configuration
<LI><a href="#[3b]">&gt;&gt;</a>&nbsp;&nbsp;&nbsp;I2C_Slave_Receiver
<LI><a href="#[34]">&gt;&gt;</a>&nbsp;&nbsp;&nbsp;I2C_Configuration
<LI><a href="#[43]">&gt;&gt;</a>&nbsp;&nbsp;&nbsp;Clear_I2C_Buffer
</UL>
<BR>[Address Reference Count : 1]<UL><LI> entry9a.o(.ARM.Collect$$$$0000000B)
</UL>
<P><STRONG><a name="[42]"></a>plate_req_Configuration</STRONG> (Thumb, 86 bytes, Stack size 16 bytes, main.o(i.plate_req_Configuration))
<BR><BR>[Stack]<UL><LI>Max Depth = 36<LI>Call Chain = plate_req_Configuration &rArr; AFIO_GPxConfig
</UL>
<BR>[Calls]<UL><LI><a href="#[45]">&gt;&gt;</a>&nbsp;&nbsp;&nbsp;GPIO_WriteOutBits
<LI><a href="#[46]">&gt;&gt;</a>&nbsp;&nbsp;&nbsp;GPIO_SetOutBits
<LI><a href="#[47]">&gt;&gt;</a>&nbsp;&nbsp;&nbsp;GPIO_DirectionConfig
<LI><a href="#[36]">&gt;&gt;</a>&nbsp;&nbsp;&nbsp;AFIO_GPxConfig
</UL>
<BR>[Called By]<UL><LI><a href="#[29]">&gt;&gt;</a>&nbsp;&nbsp;&nbsp;main
</UL>

<P><STRONG><a name="[48]"></a>send_command_to_pbci</STRONG> (Thumb, 34 bytes, Stack size 24 bytes, main.o(i.send_command_to_pbci))
<BR><BR>[Stack]<UL><LI>Max Depth = 156<LI>Call Chain = send_command_to_pbci &rArr; I2C_Slave_Transmitter &rArr; I2C_Reset &rArr; I2C_Configuration &rArr; I2C_Init &rArr; CKCU_GetPeripFrequency &rArr; CKCU_GetClocksFrequency &rArr; __ARM_common_switch8
</UL>
<BR>[Calls]<UL><LI><a href="#[3f]">&gt;&gt;</a>&nbsp;&nbsp;&nbsp;I2C_Slave_Transmitter
</UL>
<BR>[Called By]<UL><LI><a href="#[44]">&gt;&gt;</a>&nbsp;&nbsp;&nbsp;updateParametersAndSendCommand
</UL>

<P><STRONG><a name="[44]"></a>updateParametersAndSendCommand</STRONG> (Thumb, 80 bytes, Stack size 48 bytes, main.o(i.updateParametersAndSendCommand))
<BR><BR>[Stack]<UL><LI>Max Depth = 204<LI>Call Chain = updateParametersAndSendCommand &rArr; send_command_to_pbci &rArr; I2C_Slave_Transmitter &rArr; I2C_Reset &rArr; I2C_Configuration &rArr; I2C_Init &rArr; CKCU_GetPeripFrequency &rArr; CKCU_GetClocksFrequency &rArr; __ARM_common_switch8
</UL>
<BR>[Calls]<UL><LI><a href="#[48]">&gt;&gt;</a>&nbsp;&nbsp;&nbsp;send_command_to_pbci
<LI><a href="#[49]">&gt;&gt;</a>&nbsp;&nbsp;&nbsp;GetCRC16
</UL>
<BR>[Called By]<UL><LI><a href="#[29]">&gt;&gt;</a>&nbsp;&nbsp;&nbsp;main
</UL>
<P>
<H3>
Local Symbols
</H3>
<P><STRONG><a name="[26]"></a>BootProcess</STRONG> (Thumb, 94 bytes, Stack size 0 bytes, startup_ht32f5xxxx_09.o(RESET))
<BR>[Address Reference Count : 1]<UL><LI> startup_ht32f5xxxx_09.o(RESET)
</UL><P>
<H3>
Undefined Global Symbols
</H3>
<P><STRONG><a name="[2e]"></a>__arm_fini_</STRONG> (Unknown, 0 bytes, Stack size 0 bytes, UNDEFINED)
<BR><BR>[Called By]<UL><LI><a href="#[2d]">&gt;&gt;</a>&nbsp;&nbsp;&nbsp;__rt_lib_shutdown_fini
</UL>
<HR></body></html>
